11:03:33 **** Incremental Build of configuration Debug for project RS485_SEND_STM32F407 ****
make -j8 all 
arm-none-eabi-gcc "../Core/Src/main.c" -mcpu=cortex-m4 -std=gnu11 -g3 -DDEBUG -DUSE_HAL_DRIVER -DSTM32F407xx -c -I../Core/Inc -I../Drivers/STM32F4xx_HAL_Driver/Inc -I../Drivers/STM32F4xx_HAL_Driver/Inc/Legacy -I../Drivers/CMSIS/Device/ST/STM32F4xx/Include -I../Drivers/CMSIS/Include -O0 -ffunction-sections -fdata-sections -Wall -fstack-usage -fcyclomatic-complexity -MMD -MP -MF"Core/Src/main.d" -MT"Core/Src/main.o" --specs=nano.specs -mfpu=fpv4-sp-d16 -mfloat-abi=hard -mthumb -o "Core/Src/main.o"
../Core/Src/main.c: In function 'main':
../Core/Src/main.c:108:40: warning: passing argument 2 of 'HAL_UARTEx_ReceiveToIdle_IT' discards 'volatile' qualifier from pointer target type [-Wdiscarded-qualifiers]
  108 |   HAL_UARTEx_ReceiveToIdle_IT(&huart2, RxData, MSG_SIZE);
      |                                        ^~~~~~
In file included from ../Core/Inc/stm32f4xx_hal_conf.h:411,
                 from ../Drivers/STM32F4xx_HAL_Driver/Inc/stm32f4xx_hal.h:29,
                 from ../Core/Inc/main.h:30,
                 from ../Core/Src/main.c:20:
../Drivers/STM32F4xx_HAL_Driver/Inc/stm32f4xx_hal_uart.h:734:83: note: expected 'uint8_t *' {aka 'unsigned char *'} but argument is of type 'volatile uint8_t *' {aka 'volatile unsigned char *'}
  734 | HAL_StatusTypeDef HAL_UARTEx_ReceiveToIdle_IT(UART_HandleTypeDef *huart, uint8_t *pData, uint16_t Size);
      |                                                                          ~~~~~~~~~^~~~~
../Core/Src/main.c:146:20: warning: passing argument 1 of 'snprintf' discards 'volatile' qualifier from pointer target type [-Wdiscarded-qualifiers]
  146 |           snprintf(TxData, sizeof TxData,"%.*s", MSG_SIZE, "D.V.Hung dep zai");
      |                    ^~~~~~
In file included from ../Core/Src/main.c:24:
D:\IEEE\STM32CubeIDE_1.13.2\STM32CubeIDE\plugins\com.st.stm32cube.ide.mcu.externaltools.gnu-tools-for-stm32.12.3.rel1.win32_1.0.200.202406191623\tools\bin/../lib/gcc/arm-none-eabi/12.3.1/../../../../arm-none-eabi/include/stdio.h:272:19: note: expected 'char * restrict' but argument is of type 'volatile uint8_t *' {aka 'volatile unsigned char *'}
  272 | int     snprintf (char *__restrict, size_t, const char *__restrict, ...)
      |                   ^
../Core/Src/main.c:147:21: warning: passing argument 1 of 'sendData' discards 'volatile' qualifier from pointer target type [-Wdiscarded-qualifiers]
  147 |           sendData (TxData);
      |                     ^~~~~~
../Core/Src/main.c:69:25: note: expected 'uint8_t *' {aka 'unsigned char *'} but argument is of type 'volatile uint8_t *' {aka 'volatile unsigned char *'}
   69 | void sendData (uint8_t *data);
      |                ~~~~~~~~~^~~~
../Core/Src/main.c: In function 'HAL_UARTEx_RxEventCallback':
../Core/Src/main.c:398:46: warning: passing argument 2 of 'HAL_UARTEx_ReceiveToIdle_IT' discards 'volatile' qualifier from pointer target type [-Wdiscarded-qualifiers]
  398 |         HAL_UARTEx_ReceiveToIdle_IT(&huart2, RxData, MSG_SIZE);
      |                                              ^~~~~~
../Drivers/STM32F4xx_HAL_Driver/Inc/stm32f4xx_hal_uart.h:734:83: note: expected 'uint8_t *' {aka 'unsigned char *'} but argument is of type 'volatile uint8_t *' {aka 'volatile unsigned char *'}
  734 | HAL_StatusTypeDef HAL_UARTEx_ReceiveToIdle_IT(UART_HandleTypeDef *huart, uint8_t *pData, uint16_t Size);
      |                                                                          ~~~~~~~~~^~~~~
../Core/Src/main.c: In function 'sendData':
../Core/Src/main.c:410:50: warning: pointer targets in passing argument 1 of 'strlen' differ in signedness [-Wpointer-sign]
  410 |         HAL_UART_Transmit(&huart2, data, strlen (data) , 1000);
      |                                                  ^~~~
      |                                                  |
      |                                                  uint8_t * {aka unsigned char *}
In file included from ../Core/Src/main.c:25:
D:\IEEE\STM32CubeIDE_1.13.2\STM32CubeIDE\plugins\com.st.stm32cube.ide.mcu.externaltools.gnu-tools-for-stm32.12.3.rel1.win32_1.0.200.202406191623\tools\bin/../lib/gcc/arm-none-eabi/12.3.1/../../../../arm-none-eabi/include/string.h:41:18: note: expected 'const char *' but argument is of type 'uint8_t *' {aka 'unsigned char *'}
   41 | size_t   strlen (const char *);
      |                  ^~~~~~~~~~~~
../Core/Src/main.c: In function 'main':
../Core/Src/main.c:146:47: warning: 'snprintf' output truncated before the last format character [-Wformat-truncation=]
  146 |           snprintf(TxData, sizeof TxData,"%.*s", MSG_SIZE, "D.V.Hung dep zai");
      |                                               ^
../Core/Src/main.c:146:11: note: 'snprintf' output 17 bytes into a destination of size 16
  146 |           snprintf(TxData, sizeof TxData,"%.*s", MSG_SIZE, "D.V.Hung dep zai");
      |           ^~~~~~~~~~~~~~~~~~~~~~~~~~~~~~~~~~~~~~~~~~~~~~~~~~~~~~~~~~~~~~~~~~~~
arm-none-eabi-gcc -o "RS485_SEND_STM32F407.elf" @"objects.list"   -mcpu=cortex-m4 -T"D:\TAI_LIEU\ET-E9\Program\20232\ET4361_He_thong_nhung_va_giao_tiep_nhung\prj\src\test_2\RS485_SEND_STM32F407\STM32F407VGTX_FLASH.ld" --specs=nosys.specs -Wl,-Map="RS485_SEND_STM32F407.map" -Wl,--gc-sections -static --specs=nano.specs -mfpu=fpv4-sp-d16 -mfloat-abi=hard -mthumb -Wl,--start-group -lc -lm -Wl,--end-group
D:/IEEE/STM32CubeIDE_1.13.2/STM32CubeIDE/plugins/com.st.stm32cube.ide.mcu.externaltools.gnu-tools-for-stm32.12.3.rel1.win32_1.0.200.202406191623/tools/bin/../lib/gcc/arm-none-eabi/12.3.1/../../../../arm-none-eabi/bin/ld.exe: warning: RS485_SEND_STM32F407.elf has a LOAD segment with RWX permissions
Finished building target: RS485_SEND_STM32F407.elf
 
arm-none-eabi-size  RS485_SEND_STM32F407.elf 
arm-none-eabi-objdump -h -S RS485_SEND_STM32F407.elf  > "RS485_SEND_STM32F407.list"
   text	   data	    bss	    dec	    hex	filename
  14568	    100	   2004	  16672	   4120	RS485_SEND_STM32F407.elf
Finished building: default.size.stdout
 
Finished building: RS485_SEND_STM32F407.list
 
13:46:10 **** Incremental Build of configuration Debug for project RS485_SEND_STM32F407 ****
make -j8 all 
arm-none-eabi-gcc "../Drivers/STM32F4xx_HAL_Driver/Src/stm32f4xx_hal.c" -mcpu=cortex-m4 -std=gnu11 -g3 -DDEBUG -DUSE_HAL_DRIVER -DSTM32F407xx -c -I../Core/Inc -I../Drivers/STM32F4xx_HAL_Driver/Inc -I../Drivers/STM32F4xx_HAL_Driver/Inc/Legacy -I../Drivers/CMSIS/Device/ST/STM32F4xx/Include -I../Drivers/CMSIS/Include -O0 -ffunction-sections -fdata-sections -Wall -fstack-usage -fcyclomatic-complexity -MMD -MP -MF"Drivers/STM32F4xx_HAL_Driver/Src/stm32f4xx_hal.d" -MT"Drivers/STM32F4xx_HAL_Driver/Src/stm32f4xx_hal.o" --specs=nano.specs -mfpu=fpv4-sp-d16 -mfloat-abi=hard -mthumb -o "Drivers/STM32F4xx_HAL_Driver/Src/stm32f4xx_hal.o"
arm-none-eabi-gcc "../Drivers/STM32F4xx_HAL_Driver/Src/stm32f4xx_hal_cortex.c" -mcpu=cortex-m4 -std=gnu11 -g3 -DDEBUG -DUSE_HAL_DRIVER -DSTM32F407xx -c -I../Core/Inc -I../Drivers/STM32F4xx_HAL_Driver/Inc -I../Drivers/STM32F4xx_HAL_Driver/Inc/Legacy -I../Drivers/CMSIS/Device/ST/STM32F4xx/Include -I../Drivers/CMSIS/Include -O0 -ffunction-sections -fdata-sections -Wall -fstack-usage -fcyclomatic-complexity -MMD -MP -MF"Drivers/STM32F4xx_HAL_Driver/Src/stm32f4xx_hal_cortex.d" -MT"Drivers/STM32F4xx_HAL_Driver/Src/stm32f4xx_hal_cortex.o" --specs=nano.specs -mfpu=fpv4-sp-d16 -mfloat-abi=hard -mthumb -o "Drivers/STM32F4xx_HAL_Driver/Src/stm32f4xx_hal_cortex.o"
arm-none-eabi-gcc "../Drivers/STM32F4xx_HAL_Driver/Src/stm32f4xx_hal_dma.c" -mcpu=cortex-m4 -std=gnu11 -g3 -DDEBUG -DUSE_HAL_DRIVER -DSTM32F407xx -c -I../Core/Inc -I../Drivers/STM32F4xx_HAL_Driver/Inc -I../Drivers/STM32F4xx_HAL_Driver/Inc/Legacy -I../Drivers/CMSIS/Device/ST/STM32F4xx/Include -I../Drivers/CMSIS/Include -O0 -ffunction-sections -fdata-sections -Wall -fstack-usage -fcyclomatic-complexity -MMD -MP -MF"Drivers/STM32F4xx_HAL_Driver/Src/stm32f4xx_hal_dma.d" -MT"Drivers/STM32F4xx_HAL_Driver/Src/stm32f4xx_hal_dma.o" --specs=nano.specs -mfpu=fpv4-sp-d16 -mfloat-abi=hard -mthumb -o "Drivers/STM32F4xx_HAL_Driver/Src/stm32f4xx_hal_dma.o"
arm-none-eabi-gcc "../Drivers/STM32F4xx_HAL_Driver/Src/stm32f4xx_hal_dma_ex.c" -mcpu=cortex-m4 -std=gnu11 -g3 -DDEBUG -DUSE_HAL_DRIVER -DSTM32F407xx -c -I../Core/Inc -I../Drivers/STM32F4xx_HAL_Driver/Inc -I../Drivers/STM32F4xx_HAL_Driver/Inc/Legacy -I../Drivers/CMSIS/Device/ST/STM32F4xx/Include -I../Drivers/CMSIS/Include -O0 -ffunction-sections -fdata-sections -Wall -fstack-usage -fcyclomatic-complexity -MMD -MP -MF"Drivers/STM32F4xx_HAL_Driver/Src/stm32f4xx_hal_dma_ex.d" -MT"Drivers/STM32F4xx_HAL_Driver/Src/stm32f4xx_hal_dma_ex.o" --specs=nano.specs -mfpu=fpv4-sp-d16 -mfloat-abi=hard -mthumb -o "Drivers/STM32F4xx_HAL_Driver/Src/stm32f4xx_hal_dma_ex.o"
arm-none-eabi-gcc "../Drivers/STM32F4xx_HAL_Driver/Src/stm32f4xx_hal_exti.c" -mcpu=cortex-m4 -std=gnu11 -g3 -DDEBUG -DUSE_HAL_DRIVER -DSTM32F407xx -c -I../Core/Inc -I../Drivers/STM32F4xx_HAL_Driver/Inc -I../Drivers/STM32F4xx_HAL_Driver/Inc/Legacy -I../Drivers/CMSIS/Device/ST/STM32F4xx/Include -I../Drivers/CMSIS/Include -O0 -ffunction-sections -fdata-sections -Wall -fstack-usage -fcyclomatic-complexity -MMD -MP -MF"Drivers/STM32F4xx_HAL_Driver/Src/stm32f4xx_hal_exti.d" -MT"Drivers/STM32F4xx_HAL_Driver/Src/stm32f4xx_hal_exti.o" --specs=nano.specs -mfpu=fpv4-sp-d16 -mfloat-abi=hard -mthumb -o "Drivers/STM32F4xx_HAL_Driver/Src/stm32f4xx_hal_exti.o"
arm-none-eabi-gcc "../Drivers/STM32F4xx_HAL_Driver/Src/stm32f4xx_hal_flash.c" -mcpu=cortex-m4 -std=gnu11 -g3 -DDEBUG -DUSE_HAL_DRIVER -DSTM32F407xx -c -I../Core/Inc -I../Drivers/STM32F4xx_HAL_Driver/Inc -I../Drivers/STM32F4xx_HAL_Driver/Inc/Legacy -I../Drivers/CMSIS/Device/ST/STM32F4xx/Include -I../Drivers/CMSIS/Include -O0 -ffunction-sections -fdata-sections -Wall -fstack-usage -fcyclomatic-complexity -MMD -MP -MF"Drivers/STM32F4xx_HAL_Driver/Src/stm32f4xx_hal_flash.d" -MT"Drivers/STM32F4xx_HAL_Driver/Src/stm32f4xx_hal_flash.o" --specs=nano.specs -mfpu=fpv4-sp-d16 -mfloat-abi=hard -mthumb -o "Drivers/STM32F4xx_HAL_Driver/Src/stm32f4xx_hal_flash.o"
arm-none-eabi-gcc "../Drivers/STM32F4xx_HAL_Driver/Src/stm32f4xx_hal_flash_ex.c" -mcpu=cortex-m4 -std=gnu11 -g3 -DDEBUG -DUSE_HAL_DRIVER -DSTM32F407xx -c -I../Core/Inc -I../Drivers/STM32F4xx_HAL_Driver/Inc -I../Drivers/STM32F4xx_HAL_Driver/Inc/Legacy -I../Drivers/CMSIS/Device/ST/STM32F4xx/Include -I../Drivers/CMSIS/Include -O0 -ffunction-sections -fdata-sections -Wall -fstack-usage -fcyclomatic-complexity -MMD -MP -MF"Drivers/STM32F4xx_HAL_Driver/Src/stm32f4xx_hal_flash_ex.d" -MT"Drivers/STM32F4xx_HAL_Driver/Src/stm32f4xx_hal_flash_ex.o" --specs=nano.specs -mfpu=fpv4-sp-d16 -mfloat-abi=hard -mthumb -o "Drivers/STM32F4xx_HAL_Driver/Src/stm32f4xx_hal_flash_ex.o"
arm-none-eabi-gcc "../Drivers/STM32F4xx_HAL_Driver/Src/stm32f4xx_hal_flash_ramfunc.c" -mcpu=cortex-m4 -std=gnu11 -g3 -DDEBUG -DUSE_HAL_DRIVER -DSTM32F407xx -c -I../Core/Inc -I../Drivers/STM32F4xx_HAL_Driver/Inc -I../Drivers/STM32F4xx_HAL_Driver/Inc/Legacy -I../Drivers/CMSIS/Device/ST/STM32F4xx/Include -I../Drivers/CMSIS/Include -O0 -ffunction-sections -fdata-sections -Wall -fstack-usage -fcyclomatic-complexity -MMD -MP -MF"Drivers/STM32F4xx_HAL_Driver/Src/stm32f4xx_hal_flash_ramfunc.d" -MT"Drivers/STM32F4xx_HAL_Driver/Src/stm32f4xx_hal_flash_ramfunc.o" --specs=nano.specs -mfpu=fpv4-sp-d16 -mfloat-abi=hard -mthumb -o "Drivers/STM32F4xx_HAL_Driver/Src/stm32f4xx_hal_flash_ramfunc.o"
arm-none-eabi-gcc "../Drivers/STM32F4xx_HAL_Driver/Src/stm32f4xx_hal_gpio.c" -mcpu=cortex-m4 -std=gnu11 -g3 -DDEBUG -DUSE_HAL_DRIVER -DSTM32F407xx -c -I../Core/Inc -I../Drivers/STM32F4xx_HAL_Driver/Inc -I../Drivers/STM32F4xx_HAL_Driver/Inc/Legacy -I../Drivers/CMSIS/Device/ST/STM32F4xx/Include -I../Drivers/CMSIS/Include -O0 -ffunction-sections -fdata-sections -Wall -fstack-usage -fcyclomatic-complexity -MMD -MP -MF"Drivers/STM32F4xx_HAL_Driver/Src/stm32f4xx_hal_gpio.d" -MT"Drivers/STM32F4xx_HAL_Driver/Src/stm32f4xx_hal_gpio.o" --specs=nano.specs -mfpu=fpv4-sp-d16 -mfloat-abi=hard -mthumb -o "Drivers/STM32F4xx_HAL_Driver/Src/stm32f4xx_hal_gpio.o"
arm-none-eabi-gcc "../Drivers/STM32F4xx_HAL_Driver/Src/stm32f4xx_hal_pwr.c" -mcpu=cortex-m4 -std=gnu11 -g3 -DDEBUG -DUSE_HAL_DRIVER -DSTM32F407xx -c -I../Core/Inc -I../Drivers/STM32F4xx_HAL_Driver/Inc -I../Drivers/STM32F4xx_HAL_Driver/Inc/Legacy -I../Drivers/CMSIS/Device/ST/STM32F4xx/Include -I../Drivers/CMSIS/Include -O0 -ffunction-sections -fdata-sections -Wall -fstack-usage -fcyclomatic-complexity -MMD -MP -MF"Drivers/STM32F4xx_HAL_Driver/Src/stm32f4xx_hal_pwr.d" -MT"Drivers/STM32F4xx_HAL_Driver/Src/stm32f4xx_hal_pwr.o" --specs=nano.specs -mfpu=fpv4-sp-d16 -mfloat-abi=hard -mthumb -o "Drivers/STM32F4xx_HAL_Driver/Src/stm32f4xx_hal_pwr.o"
arm-none-eabi-gcc "../Drivers/STM32F4xx_HAL_Driver/Src/stm32f4xx_hal_pwr_ex.c" -mcpu=cortex-m4 -std=gnu11 -g3 -DDEBUG -DUSE_HAL_DRIVER -DSTM32F407xx -c -I../Core/Inc -I../Drivers/STM32F4xx_HAL_Driver/Inc -I../Drivers/STM32F4xx_HAL_Driver/Inc/Legacy -I../Drivers/CMSIS/Device/ST/STM32F4xx/Include -I../Drivers/CMSIS/Include -O0 -ffunction-sections -fdata-sections -Wall -fstack-usage -fcyclomatic-complexity -MMD -MP -MF"Drivers/STM32F4xx_HAL_Driver/Src/stm32f4xx_hal_pwr_ex.d" -MT"Drivers/STM32F4xx_HAL_Driver/Src/stm32f4xx_hal_pwr_ex.o" --specs=nano.specs -mfpu=fpv4-sp-d16 -mfloat-abi=hard -mthumb -o "Drivers/STM32F4xx_HAL_Driver/Src/stm32f4xx_hal_pwr_ex.o"
arm-none-eabi-gcc "../Drivers/STM32F4xx_HAL_Driver/Src/stm32f4xx_hal_rcc.c" -mcpu=cortex-m4 -std=gnu11 -g3 -DDEBUG -DUSE_HAL_DRIVER -DSTM32F407xx -c -I../Core/Inc -I../Drivers/STM32F4xx_HAL_Driver/Inc -I../Drivers/STM32F4xx_HAL_Driver/Inc/Legacy -I../Drivers/CMSIS/Device/ST/STM32F4xx/Include -I../Drivers/CMSIS/Include -O0 -ffunction-sections -fdata-sections -Wall -fstack-usage -fcyclomatic-complexity -MMD -MP -MF"Drivers/STM32F4xx_HAL_Driver/Src/stm32f4xx_hal_rcc.d" -MT"Drivers/STM32F4xx_HAL_Driver/Src/stm32f4xx_hal_rcc.o" --specs=nano.specs -mfpu=fpv4-sp-d16 -mfloat-abi=hard -mthumb -o "Drivers/STM32F4xx_HAL_Driver/Src/stm32f4xx_hal_rcc.o"
arm-none-eabi-gcc "../Drivers/STM32F4xx_HAL_Driver/Src/stm32f4xx_hal_rcc_ex.c" -mcpu=cortex-m4 -std=gnu11 -g3 -DDEBUG -DUSE_HAL_DRIVER -DSTM32F407xx -c -I../Core/Inc -I../Drivers/STM32F4xx_HAL_Driver/Inc -I../Drivers/STM32F4xx_HAL_Driver/Inc/Legacy -I../Drivers/CMSIS/Device/ST/STM32F4xx/Include -I../Drivers/CMSIS/Include -O0 -ffunction-sections -fdata-sections -Wall -fstack-usage -fcyclomatic-complexity -MMD -MP -MF"Drivers/STM32F4xx_HAL_Driver/Src/stm32f4xx_hal_rcc_ex.d" -MT"Drivers/STM32F4xx_HAL_Driver/Src/stm32f4xx_hal_rcc_ex.o" --specs=nano.specs -mfpu=fpv4-sp-d16 -mfloat-abi=hard -mthumb -o "Drivers/STM32F4xx_HAL_Driver/Src/stm32f4xx_hal_rcc_ex.o"
arm-none-eabi-gcc "../Drivers/STM32F4xx_HAL_Driver/Src/stm32f4xx_hal_tim.c" -mcpu=cortex-m4 -std=gnu11 -g3 -DDEBUG -DUSE_HAL_DRIVER -DSTM32F407xx -c -I../Core/Inc -I../Drivers/STM32F4xx_HAL_Driver/Inc -I../Drivers/STM32F4xx_HAL_Driver/Inc/Legacy -I../Drivers/CMSIS/Device/ST/STM32F4xx/Include -I../Drivers/CMSIS/Include -O0 -ffunction-sections -fdata-sections -Wall -fstack-usage -fcyclomatic-complexity -MMD -MP -MF"Drivers/STM32F4xx_HAL_Driver/Src/stm32f4xx_hal_tim.d" -MT"Drivers/STM32F4xx_HAL_Driver/Src/stm32f4xx_hal_tim.o" --specs=nano.specs -mfpu=fpv4-sp-d16 -mfloat-abi=hard -mthumb -o "Drivers/STM32F4xx_HAL_Driver/Src/stm32f4xx_hal_tim.o"
arm-none-eabi-gcc "../Drivers/STM32F4xx_HAL_Driver/Src/stm32f4xx_hal_tim_ex.c" -mcpu=cortex-m4 -std=gnu11 -g3 -DDEBUG -DUSE_HAL_DRIVER -DSTM32F407xx -c -I../Core/Inc -I../Drivers/STM32F4xx_HAL_Driver/Inc -I../Drivers/STM32F4xx_HAL_Driver/Inc/Legacy -I../Drivers/CMSIS/Device/ST/STM32F4xx/Include -I../Drivers/CMSIS/Include -O0 -ffunction-sections -fdata-sections -Wall -fstack-usage -fcyclomatic-complexity -MMD -MP -MF"Drivers/STM32F4xx_HAL_Driver/Src/stm32f4xx_hal_tim_ex.d" -MT"Drivers/STM32F4xx_HAL_Driver/Src/stm32f4xx_hal_tim_ex.o" --specs=nano.specs -mfpu=fpv4-sp-d16 -mfloat-abi=hard -mthumb -o "Drivers/STM32F4xx_HAL_Driver/Src/stm32f4xx_hal_tim_ex.o"
arm-none-eabi-gcc "../Drivers/STM32F4xx_HAL_Driver/Src/stm32f4xx_hal_uart.c" -mcpu=cortex-m4 -std=gnu11 -g3 -DDEBUG -DUSE_HAL_DRIVER -DSTM32F407xx -c -I../Core/Inc -I../Drivers/STM32F4xx_HAL_Driver/Inc -I../Drivers/STM32F4xx_HAL_Driver/Inc/Legacy -I../Drivers/CMSIS/Device/ST/STM32F4xx/Include -I../Drivers/CMSIS/Include -O0 -ffunction-sections -fdata-sections -Wall -fstack-usage -fcyclomatic-complexity -MMD -MP -MF"Drivers/STM32F4xx_HAL_Driver/Src/stm32f4xx_hal_uart.d" -MT"Drivers/STM32F4xx_HAL_Driver/Src/stm32f4xx_hal_uart.o" --specs=nano.specs -mfpu=fpv4-sp-d16 -mfloat-abi=hard -mthumb -o "Drivers/STM32F4xx_HAL_Driver/Src/stm32f4xx_hal_uart.o"
arm-none-eabi-gcc "../Core/Src/main.c" -mcpu=cortex-m4 -std=gnu11 -g3 -DDEBUG -DUSE_HAL_DRIVER -DSTM32F407xx -c -I../Core/Inc -I../Drivers/STM32F4xx_HAL_Driver/Inc -I../Drivers/STM32F4xx_HAL_Driver/Inc/Legacy -I../Drivers/CMSIS/Device/ST/STM32F4xx/Include -I../Drivers/CMSIS/Include -O0 -ffunction-sections -fdata-sections -Wall -fstack-usage -fcyclomatic-complexity -MMD -MP -MF"Core/Src/main.d" -MT"Core/Src/main.o" --specs=nano.specs -mfpu=fpv4-sp-d16 -mfloat-abi=hard -mthumb -o "Core/Src/main.o"
arm-none-eabi-gcc "../Core/Src/stm32f4xx_hal_msp.c" -mcpu=cortex-m4 -std=gnu11 -g3 -DDEBUG -DUSE_HAL_DRIVER -DSTM32F407xx -c -I../Core/Inc -I../Drivers/STM32F4xx_HAL_Driver/Inc -I../Drivers/STM32F4xx_HAL_Driver/Inc/Legacy -I../Drivers/CMSIS/Device/ST/STM32F4xx/Include -I../Drivers/CMSIS/Include -O0 -ffunction-sections -fdata-sections -Wall -fstack-usage -fcyclomatic-complexity -MMD -MP -MF"Core/Src/stm32f4xx_hal_msp.d" -MT"Core/Src/stm32f4xx_hal_msp.o" --specs=nano.specs -mfpu=fpv4-sp-d16 -mfloat-abi=hard -mthumb -o "Core/Src/stm32f4xx_hal_msp.o"
arm-none-eabi-gcc "../Core/Src/stm32f4xx_it.c" -mcpu=cortex-m4 -std=gnu11 -g3 -DDEBUG -DUSE_HAL_DRIVER -DSTM32F407xx -c -I../Core/Inc -I../Drivers/STM32F4xx_HAL_Driver/Inc -I../Drivers/STM32F4xx_HAL_Driver/Inc/Legacy -I../Drivers/CMSIS/Device/ST/STM32F4xx/Include -I../Drivers/CMSIS/Include -O0 -ffunction-sections -fdata-sections -Wall -fstack-usage -fcyclomatic-complexity -MMD -MP -MF"Core/Src/stm32f4xx_it.d" -MT"Core/Src/stm32f4xx_it.o" --specs=nano.specs -mfpu=fpv4-sp-d16 -mfloat-abi=hard -mthumb -o "Core/Src/stm32f4xx_it.o"
arm-none-eabi-gcc "../Core/Src/system_stm32f4xx.c" -mcpu=cortex-m4 -std=gnu11 -g3 -DDEBUG -DUSE_HAL_DRIVER -DSTM32F407xx -c -I../Core/Inc -I../Drivers/STM32F4xx_HAL_Driver/Inc -I../Drivers/STM32F4xx_HAL_Driver/Inc/Legacy -I../Drivers/CMSIS/Device/ST/STM32F4xx/Include -I../Drivers/CMSIS/Include -O0 -ffunction-sections -fdata-sections -Wall -fstack-usage -fcyclomatic-complexity -MMD -MP -MF"Core/Src/system_stm32f4xx.d" -MT"Core/Src/system_stm32f4xx.o" --specs=nano.specs -mfpu=fpv4-sp-d16 -mfloat-abi=hard -mthumb -o "Core/Src/system_stm32f4xx.o"
../Core/Src/main.c: In function 'main':
../Core/Src/main.c:108:40: warning: passing argument 2 of 'HAL_UARTEx_ReceiveToIdle_IT' discards 'volatile' qualifier from pointer target type [-Wdiscarded-qualifiers]
  108 |   HAL_UARTEx_ReceiveToIdle_IT(&huart2, RxData, MSG_SIZE);
      |                                        ^~~~~~
In file included from ../Core/Inc/stm32f4xx_hal_conf.h:411,
                 from ../Drivers/STM32F4xx_HAL_Driver/Inc/stm32f4xx_hal.h:29,
                 from ../Core/Inc/main.h:30,
                 from ../Core/Src/main.c:20:
../Drivers/STM32F4xx_HAL_Driver/Inc/stm32f4xx_hal_uart.h:757:83: note: expected 'uint8_t *' {aka 'unsigned char *'} but argument is of type 'volatile uint8_t *' {aka 'volatile unsigned char *'}
  757 | HAL_StatusTypeDef HAL_UARTEx_ReceiveToIdle_IT(UART_HandleTypeDef *huart, uint8_t *pData, uint16_t Size);
      |                                                                          ~~~~~~~~~^~~~~
../Core/Src/main.c:146:20: warning: passing argument 1 of 'snprintf' discards 'volatile' qualifier from pointer target type [-Wdiscarded-qualifiers]
  146 |           snprintf(TxData, sizeof TxData,"%.*s", MSG_SIZE, "D.V.Hung dep zai");
      |                    ^~~~~~
In file included from ../Core/Src/main.c:24:
D:\IEEE\STM32CubeIDE_1.13.2\STM32CubeIDE\plugins\com.st.stm32cube.ide.mcu.externaltools.gnu-tools-for-stm32.12.3.rel1.win32_1.0.200.202406191623\tools\bin/../lib/gcc/arm-none-eabi/12.3.1/../../../../arm-none-eabi/include/stdio.h:272:19: note: expected 'char * restrict' but argument is of type 'volatile uint8_t *' {aka 'volatile unsigned char *'}
  272 | int     snprintf (char *__restrict, size_t, const char *__restrict, ...)
      |                   ^
../Core/Src/main.c:147:21: warning: passing argument 1 of 'sendData' discards 'volatile' qualifier from pointer target type [-Wdiscarded-qualifiers]
  147 |           sendData (TxData);
      |                     ^~~~~~
../Core/Src/main.c:69:25: note: expected 'uint8_t *' {aka 'unsigned char *'} but argument is of type 'volatile uint8_t *' {aka 'volatile unsigned char *'}
   69 | void sendData (uint8_t *data);
      |                ~~~~~~~~~^~~~
../Core/Src/main.c: In function 'HAL_UARTEx_RxEventCallback':
../Core/Src/main.c:398:46: warning: passing argument 2 of 'HAL_UARTEx_ReceiveToIdle_IT' discards 'volatile' qualifier from pointer target type [-Wdiscarded-qualifiers]
  398 |         HAL_UARTEx_ReceiveToIdle_IT(&huart2, RxData, MSG_SIZE);
      |                                              ^~~~~~
../Drivers/STM32F4xx_HAL_Driver/Inc/stm32f4xx_hal_uart.h:757:83: note: expected 'uint8_t *' {aka 'unsigned char *'} but argument is of type 'volatile uint8_t *' {aka 'volatile unsigned char *'}
  757 | HAL_StatusTypeDef HAL_UARTEx_ReceiveToIdle_IT(UART_HandleTypeDef *huart, uint8_t *pData, uint16_t Size);
      |                                                                          ~~~~~~~~~^~~~~
../Core/Src/main.c: In function 'sendData':
../Core/Src/main.c:410:50: warning: pointer targets in passing argument 1 of 'strlen' differ in signedness [-Wpointer-sign]
  410 |         HAL_UART_Transmit(&huart2, data, strlen (data) , 1000);
      |                                                  ^~~~
      |                                                  |
      |                                                  uint8_t * {aka unsigned char *}
In file included from ../Core/Src/main.c:25:
D:\IEEE\STM32CubeIDE_1.13.2\STM32CubeIDE\plugins\com.st.stm32cube.ide.mcu.externaltools.gnu-tools-for-stm32.12.3.rel1.win32_1.0.200.202406191623\tools\bin/../lib/gcc/arm-none-eabi/12.3.1/../../../../arm-none-eabi/include/string.h:41:18: note: expected 'const char *' but argument is of type 'uint8_t *' {aka 'unsigned char *'}
   41 | size_t   strlen (const char *);
      |                  ^~~~~~~~~~~~
../Core/Src/main.c: In function 'main':
../Core/Src/main.c:146:47: warning: 'snprintf' output truncated before the last format character [-Wformat-truncation=]
  146 |           snprintf(TxData, sizeof TxData,"%.*s", MSG_SIZE, "D.V.Hung dep zai");
      |                                               ^
../Core/Src/main.c:146:11: note: 'snprintf' output 17 bytes into a destination of size 16
  146 |           snprintf(TxData, sizeof TxData,"%.*s", MSG_SIZE, "D.V.Hung dep zai");
      |           ^~~~~~~~~~~~~~~~~~~~~~~~~~~~~~~~~~~~~~~~~~~~~~~~~~~~~~~~~~~~~~~~~~~~
arm-none-eabi-gcc -o "RS485_SEND_STM32F407.elf" @"objects.list"   -mcpu=cortex-m4 -T"D:\TAI_LIEU\ET-E9\Program\20232\ET4361_He_thong_nhung_va_giao_tiep_nhung\prj\src\test_2\RS485_SEND_STM32F407\STM32F407VGTX_FLASH.ld" --specs=nosys.specs -Wl,-Map="RS485_SEND_STM32F407.map" -Wl,--gc-sections -static --specs=nano.specs -mfpu=fpv4-sp-d16 -mfloat-abi=hard -mthumb -Wl,--start-group -lc -lm -Wl,--end-group
D:/IEEE/STM32CubeIDE_1.13.2/STM32CubeIDE/plugins/com.st.stm32cube.ide.mcu.externaltools.gnu-tools-for-stm32.12.3.rel1.win32_1.0.200.202406191623/tools/bin/../lib/gcc/arm-none-eabi/12.3.1/../../../../arm-none-eabi/bin/ld.exe: warning: RS485_SEND_STM32F407.elf has a LOAD segment with RWX permissions
Finished building target: RS485_SEND_STM32F407.elf
 
arm-none-eabi-size  RS485_SEND_STM32F407.elf 
arm-none-eabi-objdump -h -S RS485_SEND_STM32F407.elf  > "RS485_SEND_STM32F407.list"
   text	   data	    bss	    dec	    hex	filename
  14508	    100	   2012	  16620	   40ec	RS485_SEND_STM32F407.elf
Finished building: default.size.stdout
 
Finished building: RS485_SEND_STM32F407.list
 
13:53:01 **** Incremental Build of configuration Debug for project RS485_SEND_STM32F407 ****
make -j8 all 
arm-none-eabi-size  RS485_SEND_STM32F407.elf 
   text	   data	    bss	    dec	    hex	filename
  14508	    100	   2012	  16620	   40ec	RS485_SEND_STM32F407.elf
Finished building: default.size.stdout
 
14:03:34 **** Incremental Build of configuration Debug for project RS485_SEND_STM32F407 ****
make -j8 all 
arm-none-eabi-gcc "../Core/Src/main.c" -mcpu=cortex-m4 -std=gnu11 -g3 -DDEBUG -DUSE_HAL_DRIVER -DSTM32F407xx -c -I../Core/Inc -I../Drivers/STM32F4xx_HAL_Driver/Inc -I../Drivers/STM32F4xx_HAL_Driver/Inc/Legacy -I../Drivers/CMSIS/Device/ST/STM32F4xx/Include -I../Drivers/CMSIS/Include -O0 -ffunction-sections -fdata-sections -Wall -fstack-usage -fcyclomatic-complexity -MMD -MP -MF"Core/Src/main.d" -MT"Core/Src/main.o" --specs=nano.specs -mfpu=fpv4-sp-d16 -mfloat-abi=hard -mthumb -o "Core/Src/main.o"
../Core/Src/main.c: In function 'main':
../Core/Src/main.c:108:40: warning: passing argument 2 of 'HAL_UARTEx_ReceiveToIdle_IT' discards 'volatile' qualifier from pointer target type [-Wdiscarded-qualifiers]
  108 |   HAL_UARTEx_ReceiveToIdle_IT(&huart2, RxData, MSG_SIZE);
      |                                        ^~~~~~
In file included from ../Core/Inc/stm32f4xx_hal_conf.h:411,
                 from ../Drivers/STM32F4xx_HAL_Driver/Inc/stm32f4xx_hal.h:29,
                 from ../Core/Inc/main.h:30,
                 from ../Core/Src/main.c:20:
../Drivers/STM32F4xx_HAL_Driver/Inc/stm32f4xx_hal_uart.h:757:83: note: expected 'uint8_t *' {aka 'unsigned char *'} but argument is of type 'volatile uint8_t *' {aka 'volatile unsigned char *'}
  757 | HAL_StatusTypeDef HAL_UARTEx_ReceiveToIdle_IT(UART_HandleTypeDef *huart, uint8_t *pData, uint16_t Size);
      |                                                                          ~~~~~~~~~^~~~~
../Core/Src/main.c:147:19: warning: passing argument 1 of 'sprintf' discards 'volatile' qualifier from pointer target type [-Wdiscarded-qualifiers]
  147 |           sprintf(TxData, "D.V.Hung dep zai");
      |                   ^~~~~~
In file included from ../Core/Src/main.c:24:
D:\IEEE\STM32CubeIDE_1.13.2\STM32CubeIDE\plugins\com.st.stm32cube.ide.mcu.externaltools.gnu-tools-for-stm32.12.3.rel1.win32_1.0.200.202406191623\tools\bin/../lib/gcc/arm-none-eabi/12.3.1/../../../../arm-none-eabi/include/stdio.h:250:18: note: expected 'char * restrict' but argument is of type 'volatile uint8_t *' {aka 'volatile unsigned char *'}
  250 | int     sprintf (char *__restrict, const char *__restrict, ...)
      |                  ^
../Core/Src/main.c:148:21: warning: passing argument 1 of 'sendData' discards 'volatile' qualifier from pointer target type [-Wdiscarded-qualifiers]
  148 |           sendData (TxData);
      |                     ^~~~~~
../Core/Src/main.c:69:25: note: expected 'uint8_t *' {aka 'unsigned char *'} but argument is of type 'volatile uint8_t *' {aka 'volatile unsigned char *'}
   69 | void sendData (uint8_t *data);
      |                ~~~~~~~~~^~~~
../Core/Src/main.c: In function 'HAL_UARTEx_RxEventCallback':
../Core/Src/main.c:399:46: warning: passing argument 2 of 'HAL_UARTEx_ReceiveToIdle_IT' discards 'volatile' qualifier from pointer target type [-Wdiscarded-qualifiers]
  399 |         HAL_UARTEx_ReceiveToIdle_IT(&huart2, RxData, MSG_SIZE);
      |                                              ^~~~~~
../Drivers/STM32F4xx_HAL_Driver/Inc/stm32f4xx_hal_uart.h:757:83: note: expected 'uint8_t *' {aka 'unsigned char *'} but argument is of type 'volatile uint8_t *' {aka 'volatile unsigned char *'}
  757 | HAL_StatusTypeDef HAL_UARTEx_ReceiveToIdle_IT(UART_HandleTypeDef *huart, uint8_t *pData, uint16_t Size);
      |                                                                          ~~~~~~~~~^~~~~
../Core/Src/main.c: In function 'sendData':
../Core/Src/main.c:411:50: warning: pointer targets in passing argument 1 of 'strlen' differ in signedness [-Wpointer-sign]
  411 |         HAL_UART_Transmit(&huart2, data, strlen (data) , 1000);
      |                                                  ^~~~
      |                                                  |
      |                                                  uint8_t * {aka unsigned char *}
In file included from ../Core/Src/main.c:25:
D:\IEEE\STM32CubeIDE_1.13.2\STM32CubeIDE\plugins\com.st.stm32cube.ide.mcu.externaltools.gnu-tools-for-stm32.12.3.rel1.win32_1.0.200.202406191623\tools\bin/../lib/gcc/arm-none-eabi/12.3.1/../../../../arm-none-eabi/include/string.h:41:18: note: expected 'const char *' but argument is of type 'uint8_t *' {aka 'unsigned char *'}
   41 | size_t   strlen (const char *);
      |                  ^~~~~~~~~~~~
../Core/Src/main.c: In function 'main':
../Core/Src/main.c:147:44: warning: 'sprintf' writing a terminating nul past the end of the destination [-Wformat-overflow=]
  147 |           sprintf(TxData, "D.V.Hung dep zai");
      |                                            ^
../Core/Src/main.c:147:11: note: 'sprintf' output 17 bytes into a destination of size 16
  147 |           sprintf(TxData, "D.V.Hung dep zai");
      |           ^~~~~~~~~~~~~~~~~~~~~~~~~~~~~~~~~~~
arm-none-eabi-gcc -o "RS485_SEND_STM32F407.elf" @"objects.list"   -mcpu=cortex-m4 -T"D:\TAI_LIEU\ET-E9\Program\20232\ET4361_He_thong_nhung_va_giao_tiep_nhung\prj\src\test_2\RS485_SEND_STM32F407\STM32F407VGTX_FLASH.ld" --specs=nosys.specs -Wl,-Map="RS485_SEND_STM32F407.map" -Wl,--gc-sections -static --specs=nano.specs -mfpu=fpv4-sp-d16 -mfloat-abi=hard -mthumb -Wl,--start-group -lc -lm -Wl,--end-group
D:/IEEE/STM32CubeIDE_1.13.2/STM32CubeIDE/plugins/com.st.stm32cube.ide.mcu.externaltools.gnu-tools-for-stm32.12.3.rel1.win32_1.0.200.202406191623/tools/bin/../lib/gcc/arm-none-eabi/12.3.1/../../../../arm-none-eabi/bin/ld.exe: warning: RS485_SEND_STM32F407.elf has a LOAD segment with RWX permissions
Finished building target: RS485_SEND_STM32F407.elf
 
arm-none-eabi-size  RS485_SEND_STM32F407.elf 
arm-none-eabi-objdump -h -S RS485_SEND_STM32F407.elf  > "RS485_SEND_STM32F407.list"
   text	   data	    bss	    dec	    hex	filename
  14448	    100	   2012	  16560	   40b0	RS485_SEND_STM32F407.elf
Finished building: default.size.stdout
 
Finished building: RS485_SEND_STM32F407.list
 
14:05:27 **** Incremental Build of configuration Debug for project RS485_SEND_STM32F407 ****
make -j8 all 
arm-none-eabi-gcc "../Core/Src/main.c" -mcpu=cortex-m4 -std=gnu11 -g3 -DDEBUG -DUSE_HAL_DRIVER -DSTM32F407xx -c -I../Core/Inc -I../Drivers/STM32F4xx_HAL_Driver/Inc -I../Drivers/STM32F4xx_HAL_Driver/Inc/Legacy -I../Drivers/CMSIS/Device/ST/STM32F4xx/Include -I../Drivers/CMSIS/Include -O0 -ffunction-sections -fdata-sections -Wall -fstack-usage -fcyclomatic-complexity -MMD -MP -MF"Core/Src/main.d" -MT"Core/Src/main.o" --specs=nano.specs -mfpu=fpv4-sp-d16 -mfloat-abi=hard -mthumb -o "Core/Src/main.o"
../Core/Src/main.c: In function 'main':
../Core/Src/main.c:108:40: warning: passing argument 2 of 'HAL_UARTEx_ReceiveToIdle_IT' discards 'volatile' qualifier from pointer target type [-Wdiscarded-qualifiers]
  108 |   HAL_UARTEx_ReceiveToIdle_IT(&huart2, RxData, MSG_SIZE);
      |                                        ^~~~~~
In file included from ../Core/Inc/stm32f4xx_hal_conf.h:411,
                 from ../Drivers/STM32F4xx_HAL_Driver/Inc/stm32f4xx_hal.h:29,
                 from ../Core/Inc/main.h:30,
                 from ../Core/Src/main.c:20:
../Drivers/STM32F4xx_HAL_Driver/Inc/stm32f4xx_hal_uart.h:757:83: note: expected 'uint8_t *' {aka 'unsigned char *'} but argument is of type 'volatile uint8_t *' {aka 'volatile unsigned char *'}
  757 | HAL_StatusTypeDef HAL_UARTEx_ReceiveToIdle_IT(UART_HandleTypeDef *huart, uint8_t *pData, uint16_t Size);
      |                                                                          ~~~~~~~~~^~~~~
../Core/Src/main.c:146:20: warning: passing argument 1 of 'snprintf' discards 'volatile' qualifier from pointer target type [-Wdiscarded-qualifiers]
  146 |           snprintf(TxData, sizeof TxData,"%.*s", MSG_SIZE, "D.V.Hung dep zai");
      |                    ^~~~~~
In file included from ../Core/Src/main.c:24:
D:\IEEE\STM32CubeIDE_1.13.2\STM32CubeIDE\plugins\com.st.stm32cube.ide.mcu.externaltools.gnu-tools-for-stm32.12.3.rel1.win32_1.0.200.202406191623\tools\bin/../lib/gcc/arm-none-eabi/12.3.1/../../../../arm-none-eabi/include/stdio.h:272:19: note: expected 'char * restrict' but argument is of type 'volatile uint8_t *' {aka 'volatile unsigned char *'}
  272 | int     snprintf (char *__restrict, size_t, const char *__restrict, ...)
      |                   ^
../Core/Src/main.c:148:21: warning: passing argument 1 of 'sendData' discards 'volatile' qualifier from pointer target type [-Wdiscarded-qualifiers]
  148 |           sendData (TxData);
      |                     ^~~~~~
../Core/Src/main.c:69:25: note: expected 'uint8_t *' {aka 'unsigned char *'} but argument is of type 'volatile uint8_t *' {aka 'volatile unsigned char *'}
   69 | void sendData (uint8_t *data);
      |                ~~~~~~~~~^~~~
../Core/Src/main.c: In function 'HAL_UARTEx_RxEventCallback':
../Core/Src/main.c:399:46: warning: passing argument 2 of 'HAL_UARTEx_ReceiveToIdle_IT' discards 'volatile' qualifier from pointer target type [-Wdiscarded-qualifiers]
  399 |         HAL_UARTEx_ReceiveToIdle_IT(&huart2, RxData, MSG_SIZE);
      |                                              ^~~~~~
../Drivers/STM32F4xx_HAL_Driver/Inc/stm32f4xx_hal_uart.h:757:83: note: expected 'uint8_t *' {aka 'unsigned char *'} but argument is of type 'volatile uint8_t *' {aka 'volatile unsigned char *'}
  757 | HAL_StatusTypeDef HAL_UARTEx_ReceiveToIdle_IT(UART_HandleTypeDef *huart, uint8_t *pData, uint16_t Size);
      |                                                                          ~~~~~~~~~^~~~~
../Core/Src/main.c: In function 'sendData':
../Core/Src/main.c:411:50: warning: pointer targets in passing argument 1 of 'strlen' differ in signedness [-Wpointer-sign]
  411 |         HAL_UART_Transmit(&huart2, data, strlen (data) , 1000);
      |                                                  ^~~~
      |                                                  |
      |                                                  uint8_t * {aka unsigned char *}
In file included from ../Core/Src/main.c:25:
D:\IEEE\STM32CubeIDE_1.13.2\STM32CubeIDE\plugins\com.st.stm32cube.ide.mcu.externaltools.gnu-tools-for-stm32.12.3.rel1.win32_1.0.200.202406191623\tools\bin/../lib/gcc/arm-none-eabi/12.3.1/../../../../arm-none-eabi/include/string.h:41:18: note: expected 'const char *' but argument is of type 'uint8_t *' {aka 'unsigned char *'}
   41 | size_t   strlen (const char *);
      |                  ^~~~~~~~~~~~
arm-none-eabi-gcc -o "RS485_SEND_STM32F407.elf" @"objects.list"   -mcpu=cortex-m4 -T"D:\TAI_LIEU\ET-E9\Program\20232\ET4361_He_thong_nhung_va_giao_tiep_nhung\prj\src\test_2\RS485_SEND_STM32F407\STM32F407VGTX_FLASH.ld" --specs=nosys.specs -Wl,-Map="RS485_SEND_STM32F407.map" -Wl,--gc-sections -static --specs=nano.specs -mfpu=fpv4-sp-d16 -mfloat-abi=hard -mthumb -Wl,--start-group -lc -lm -Wl,--end-group
D:/IEEE/STM32CubeIDE_1.13.2/STM32CubeIDE/plugins/com.st.stm32cube.ide.mcu.externaltools.gnu-tools-for-stm32.12.3.rel1.win32_1.0.200.202406191623/tools/bin/../lib/gcc/arm-none-eabi/12.3.1/../../../../arm-none-eabi/bin/ld.exe: warning: RS485_SEND_STM32F407.elf has a LOAD segment with RWX permissions
Finished building target: RS485_SEND_STM32F407.elf
 
arm-none-eabi-size  RS485_SEND_STM32F407.elf 
arm-none-eabi-objdump -h -S RS485_SEND_STM32F407.elf  > "RS485_SEND_STM32F407.list"
   text	   data	    bss	    dec	    hex	filename
  14508	    100	   2044	  16652	   410c	RS485_SEND_STM32F407.elf
Finished building: default.size.stdout
 
Finished building: RS485_SEND_STM32F407.list
 
14:06:29 **** Incremental Build of configuration Debug for project RS485_SEND_STM32F407 ****
make -j8 all 
arm-none-eabi-gcc "../Core/Src/main.c" -mcpu=cortex-m4 -std=gnu11 -g3 -DDEBUG -DUSE_HAL_DRIVER -DSTM32F407xx -c -I../Core/Inc -I../Drivers/STM32F4xx_HAL_Driver/Inc -I../Drivers/STM32F4xx_HAL_Driver/Inc/Legacy -I../Drivers/CMSIS/Device/ST/STM32F4xx/Include -I../Drivers/CMSIS/Include -O0 -ffunction-sections -fdata-sections -Wall -fstack-usage -fcyclomatic-complexity -MMD -MP -MF"Core/Src/main.d" -MT"Core/Src/main.o" --specs=nano.specs -mfpu=fpv4-sp-d16 -mfloat-abi=hard -mthumb -o "Core/Src/main.o"
../Core/Src/main.c: In function 'main':
../Core/Src/main.c:108:40: warning: passing argument 2 of 'HAL_UARTEx_ReceiveToIdle_IT' discards 'volatile' qualifier from pointer target type [-Wdiscarded-qualifiers]
  108 |   HAL_UARTEx_ReceiveToIdle_IT(&huart2, RxData, MSG_SIZE);
      |                                        ^~~~~~
In file included from ../Core/Inc/stm32f4xx_hal_conf.h:411,
                 from ../Drivers/STM32F4xx_HAL_Driver/Inc/stm32f4xx_hal.h:29,
                 from ../Core/Inc/main.h:30,
                 from ../Core/Src/main.c:20:
../Drivers/STM32F4xx_HAL_Driver/Inc/stm32f4xx_hal_uart.h:757:83: note: expected 'uint8_t *' {aka 'unsigned char *'} but argument is of type 'volatile uint8_t *' {aka 'volatile unsigned char *'}
  757 | HAL_StatusTypeDef HAL_UARTEx_ReceiveToIdle_IT(UART_HandleTypeDef *huart, uint8_t *pData, uint16_t Size);
      |                                                                          ~~~~~~~~~^~~~~
../Core/Src/main.c:146:20: warning: passing argument 1 of 'snprintf' discards 'volatile' qualifier from pointer target type [-Wdiscarded-qualifiers]
  146 |           snprintf(TxData, sizeof TxData,"%.*s", 17, "D.V.Hung dep zai");
      |                    ^~~~~~
In file included from ../Core/Src/main.c:24:
D:\IEEE\STM32CubeIDE_1.13.2\STM32CubeIDE\plugins\com.st.stm32cube.ide.mcu.externaltools.gnu-tools-for-stm32.12.3.rel1.win32_1.0.200.202406191623\tools\bin/../lib/gcc/arm-none-eabi/12.3.1/../../../../arm-none-eabi/include/stdio.h:272:19: note: expected 'char * restrict' but argument is of type 'volatile uint8_t *' {aka 'volatile unsigned char *'}
  272 | int     snprintf (char *__restrict, size_t, const char *__restrict, ...)
      |                   ^
../Core/Src/main.c:148:21: warning: passing argument 1 of 'sendData' discards 'volatile' qualifier from pointer target type [-Wdiscarded-qualifiers]
  148 |           sendData (TxData);
      |                     ^~~~~~
../Core/Src/main.c:69:25: note: expected 'uint8_t *' {aka 'unsigned char *'} but argument is of type 'volatile uint8_t *' {aka 'volatile unsigned char *'}
   69 | void sendData (uint8_t *data);
      |                ~~~~~~~~~^~~~
../Core/Src/main.c: In function 'HAL_UARTEx_RxEventCallback':
../Core/Src/main.c:399:46: warning: passing argument 2 of 'HAL_UARTEx_ReceiveToIdle_IT' discards 'volatile' qualifier from pointer target type [-Wdiscarded-qualifiers]
  399 |         HAL_UARTEx_ReceiveToIdle_IT(&huart2, RxData, MSG_SIZE);
      |                                              ^~~~~~
../Drivers/STM32F4xx_HAL_Driver/Inc/stm32f4xx_hal_uart.h:757:83: note: expected 'uint8_t *' {aka 'unsigned char *'} but argument is of type 'volatile uint8_t *' {aka 'volatile unsigned char *'}
  757 | HAL_StatusTypeDef HAL_UARTEx_ReceiveToIdle_IT(UART_HandleTypeDef *huart, uint8_t *pData, uint16_t Size);
      |                                                                          ~~~~~~~~~^~~~~
../Core/Src/main.c: In function 'sendData':
../Core/Src/main.c:411:50: warning: pointer targets in passing argument 1 of 'strlen' differ in signedness [-Wpointer-sign]
  411 |         HAL_UART_Transmit(&huart2, data, strlen (data) , 1000);
      |                                                  ^~~~
      |                                                  |
      |                                                  uint8_t * {aka unsigned char *}
In file included from ../Core/Src/main.c:25:
D:\IEEE\STM32CubeIDE_1.13.2\STM32CubeIDE\plugins\com.st.stm32cube.ide.mcu.externaltools.gnu-tools-for-stm32.12.3.rel1.win32_1.0.200.202406191623\tools\bin/../lib/gcc/arm-none-eabi/12.3.1/../../../../arm-none-eabi/include/string.h:41:18: note: expected 'const char *' but argument is of type 'uint8_t *' {aka 'unsigned char *'}
   41 | size_t   strlen (const char *);
      |                  ^~~~~~~~~~~~
arm-none-eabi-gcc -o "RS485_SEND_STM32F407.elf" @"objects.list"   -mcpu=cortex-m4 -T"D:\TAI_LIEU\ET-E9\Program\20232\ET4361_He_thong_nhung_va_giao_tiep_nhung\prj\src\test_2\RS485_SEND_STM32F407\STM32F407VGTX_FLASH.ld" --specs=nosys.specs -Wl,-Map="RS485_SEND_STM32F407.map" -Wl,--gc-sections -static --specs=nano.specs -mfpu=fpv4-sp-d16 -mfloat-abi=hard -mthumb -Wl,--start-group -lc -lm -Wl,--end-group
D:/IEEE/STM32CubeIDE_1.13.2/STM32CubeIDE/plugins/com.st.stm32cube.ide.mcu.externaltools.gnu-tools-for-stm32.12.3.rel1.win32_1.0.200.202406191623/tools/bin/../lib/gcc/arm-none-eabi/12.3.1/../../../../arm-none-eabi/bin/ld.exe: warning: RS485_SEND_STM32F407.elf has a LOAD segment with RWX permissions
Finished building target: RS485_SEND_STM32F407.elf
 
arm-none-eabi-size  RS485_SEND_STM32F407.elf 
arm-none-eabi-objdump -h -S RS485_SEND_STM32F407.elf  > "RS485_SEND_STM32F407.list"
   text	   data	    bss	    dec	    hex	filename
  14508	    100	   2044	  16652	   410c	RS485_SEND_STM32F407.elf
Finished building: default.size.stdout
 
Finished building: RS485_SEND_STM32F407.list
 
14:08:07 **** Incremental Build of configuration Debug for project RS485_SEND_STM32F407 ****
make -j8 all 
arm-none-eabi-gcc "../Core/Src/main.c" -mcpu=cortex-m4 -std=gnu11 -g3 -DDEBUG -DUSE_HAL_DRIVER -DSTM32F407xx -c -I../Core/Inc -I../Drivers/STM32F4xx_HAL_Driver/Inc -I../Drivers/STM32F4xx_HAL_Driver/Inc/Legacy -I../Drivers/CMSIS/Device/ST/STM32F4xx/Include -I../Drivers/CMSIS/Include -O0 -ffunction-sections -fdata-sections -Wall -fstack-usage -fcyclomatic-complexity -MMD -MP -MF"Core/Src/main.d" -MT"Core/Src/main.o" --specs=nano.specs -mfpu=fpv4-sp-d16 -mfloat-abi=hard -mthumb -o "Core/Src/main.o"
../Core/Src/main.c: In function 'main':
../Core/Src/main.c:108:40: warning: passing argument 2 of 'HAL_UARTEx_ReceiveToIdle_IT' discards 'volatile' qualifier from pointer target type [-Wdiscarded-qualifiers]
  108 |   HAL_UARTEx_ReceiveToIdle_IT(&huart2, RxData, MSG_SIZE);
      |                                        ^~~~~~
In file included from ../Core/Inc/stm32f4xx_hal_conf.h:411,
                 from ../Drivers/STM32F4xx_HAL_Driver/Inc/stm32f4xx_hal.h:29,
                 from ../Core/Inc/main.h:30,
                 from ../Core/Src/main.c:20:
../Drivers/STM32F4xx_HAL_Driver/Inc/stm32f4xx_hal_uart.h:757:83: note: expected 'uint8_t *' {aka 'unsigned char *'} but argument is of type 'volatile uint8_t *' {aka 'volatile unsigned char *'}
  757 | HAL_StatusTypeDef HAL_UARTEx_ReceiveToIdle_IT(UART_HandleTypeDef *huart, uint8_t *pData, uint16_t Size);
      |                                                                          ~~~~~~~~~^~~~~
../Core/Src/main.c:146:20: warning: passing argument 1 of 'snprintf' discards 'volatile' qualifier from pointer target type [-Wdiscarded-qualifiers]
  146 |           snprintf(TxData, sizeof TxData,"%.*s", MSG_SIZE, "D.V.Hung dep zai");
      |                    ^~~~~~
In file included from ../Core/Src/main.c:24:
D:\IEEE\STM32CubeIDE_1.13.2\STM32CubeIDE\plugins\com.st.stm32cube.ide.mcu.externaltools.gnu-tools-for-stm32.12.3.rel1.win32_1.0.200.202406191623\tools\bin/../lib/gcc/arm-none-eabi/12.3.1/../../../../arm-none-eabi/include/stdio.h:272:19: note: expected 'char * restrict' but argument is of type 'volatile uint8_t *' {aka 'volatile unsigned char *'}
  272 | int     snprintf (char *__restrict, size_t, const char *__restrict, ...)
      |                   ^
../Core/Src/main.c:148:21: warning: passing argument 1 of 'sendData' discards 'volatile' qualifier from pointer target type [-Wdiscarded-qualifiers]
  148 |           sendData (TxData);
      |                     ^~~~~~
../Core/Src/main.c:69:25: note: expected 'uint8_t *' {aka 'unsigned char *'} but argument is of type 'volatile uint8_t *' {aka 'volatile unsigned char *'}
   69 | void sendData (uint8_t *data);
      |                ~~~~~~~~~^~~~
../Core/Src/main.c: In function 'HAL_UARTEx_RxEventCallback':
../Core/Src/main.c:399:46: warning: passing argument 2 of 'HAL_UARTEx_ReceiveToIdle_IT' discards 'volatile' qualifier from pointer target type [-Wdiscarded-qualifiers]
  399 |         HAL_UARTEx_ReceiveToIdle_IT(&huart2, RxData, MSG_SIZE);
      |                                              ^~~~~~
../Drivers/STM32F4xx_HAL_Driver/Inc/stm32f4xx_hal_uart.h:757:83: note: expected 'uint8_t *' {aka 'unsigned char *'} but argument is of type 'volatile uint8_t *' {aka 'volatile unsigned char *'}
  757 | HAL_StatusTypeDef HAL_UARTEx_ReceiveToIdle_IT(UART_HandleTypeDef *huart, uint8_t *pData, uint16_t Size);
      |                                                                          ~~~~~~~~~^~~~~
../Core/Src/main.c: In function 'sendData':
../Core/Src/main.c:411:50: warning: pointer targets in passing argument 1 of 'strlen' differ in signedness [-Wpointer-sign]
  411 |         HAL_UART_Transmit(&huart2, data, strlen (data) , 1000);
      |                                                  ^~~~
      |                                                  |
      |                                                  uint8_t * {aka unsigned char *}
In file included from ../Core/Src/main.c:25:
D:\IEEE\STM32CubeIDE_1.13.2\STM32CubeIDE\plugins\com.st.stm32cube.ide.mcu.externaltools.gnu-tools-for-stm32.12.3.rel1.win32_1.0.200.202406191623\tools\bin/../lib/gcc/arm-none-eabi/12.3.1/../../../../arm-none-eabi/include/string.h:41:18: note: expected 'const char *' but argument is of type 'uint8_t *' {aka 'unsigned char *'}
   41 | size_t   strlen (const char *);
      |                  ^~~~~~~~~~~~
../Core/Src/main.c: In function 'main':
../Core/Src/main.c:146:47: warning: 'snprintf' output truncated before the last format character [-Wformat-truncation=]
  146 |           snprintf(TxData, sizeof TxData,"%.*s", MSG_SIZE, "D.V.Hung dep zai");
      |                                               ^
../Core/Src/main.c:146:11: note: 'snprintf' output 17 bytes into a destination of size 16
  146 |           snprintf(TxData, sizeof TxData,"%.*s", MSG_SIZE, "D.V.Hung dep zai");
      |           ^~~~~~~~~~~~~~~~~~~~~~~~~~~~~~~~~~~~~~~~~~~~~~~~~~~~~~~~~~~~~~~~~~~~
arm-none-eabi-gcc -o "RS485_SEND_STM32F407.elf" @"objects.list"   -mcpu=cortex-m4 -T"D:\TAI_LIEU\ET-E9\Program\20232\ET4361_He_thong_nhung_va_giao_tiep_nhung\prj\src\test_2\RS485_SEND_STM32F407\STM32F407VGTX_FLASH.ld" --specs=nosys.specs -Wl,-Map="RS485_SEND_STM32F407.map" -Wl,--gc-sections -static --specs=nano.specs -mfpu=fpv4-sp-d16 -mfloat-abi=hard -mthumb -Wl,--start-group -lc -lm -Wl,--end-group
D:/IEEE/STM32CubeIDE_1.13.2/STM32CubeIDE/plugins/com.st.stm32cube.ide.mcu.externaltools.gnu-tools-for-stm32.12.3.rel1.win32_1.0.200.202406191623/tools/bin/../lib/gcc/arm-none-eabi/12.3.1/../../../../arm-none-eabi/bin/ld.exe: warning: RS485_SEND_STM32F407.elf has a LOAD segment with RWX permissions
Finished building target: RS485_SEND_STM32F407.elf
 
arm-none-eabi-size  RS485_SEND_STM32F407.elf 
arm-none-eabi-objdump -h -S RS485_SEND_STM32F407.elf  > "RS485_SEND_STM32F407.list"
   text	   data	    bss	    dec	    hex	filename
  14508	    100	   2012	  16620	   40ec	RS485_SEND_STM32F407.elf
Finished building: default.size.stdout
 
Finished building: RS485_SEND_STM32F407.list
 
14:09:40 **** Incremental Build of configuration Debug for project RS485_SEND_STM32F407 ****
make -j8 all 
arm-none-eabi-gcc "../Core/Src/main.c" -mcpu=cortex-m4 -std=gnu11 -g3 -DDEBUG -DUSE_HAL_DRIVER -DSTM32F407xx -c -I../Core/Inc -I../Drivers/STM32F4xx_HAL_Driver/Inc -I../Drivers/STM32F4xx_HAL_Driver/Inc/Legacy -I../Drivers/CMSIS/Device/ST/STM32F4xx/Include -I../Drivers/CMSIS/Include -O0 -ffunction-sections -fdata-sections -Wall -fstack-usage -fcyclomatic-complexity -MMD -MP -MF"Core/Src/main.d" -MT"Core/Src/main.o" --specs=nano.specs -mfpu=fpv4-sp-d16 -mfloat-abi=hard -mthumb -o "Core/Src/main.o"
../Core/Src/main.c: In function 'main':
../Core/Src/main.c:108:40: warning: passing argument 2 of 'HAL_UARTEx_ReceiveToIdle_IT' discards 'volatile' qualifier from pointer target type [-Wdiscarded-qualifiers]
  108 |   HAL_UARTEx_ReceiveToIdle_IT(&huart2, RxData, MSG_SIZE);
      |                                        ^~~~~~
In file included from ../Core/Inc/stm32f4xx_hal_conf.h:411,
                 from ../Drivers/STM32F4xx_HAL_Driver/Inc/stm32f4xx_hal.h:29,
                 from ../Core/Inc/main.h:30,
                 from ../Core/Src/main.c:20:
../Drivers/STM32F4xx_HAL_Driver/Inc/stm32f4xx_hal_uart.h:757:83: note: expected 'uint8_t *' {aka 'unsigned char *'} but argument is of type 'volatile uint8_t *' {aka 'volatile unsigned char *'}
  757 | HAL_StatusTypeDef HAL_UARTEx_ReceiveToIdle_IT(UART_HandleTypeDef *huart, uint8_t *pData, uint16_t Size);
      |                                                                          ~~~~~~~~~^~~~~
../Core/Src/main.c:146:20: warning: passing argument 1 of 'snprintf' discards 'volatile' qualifier from pointer target type [-Wdiscarded-qualifiers]
  146 |           snprintf(TxData, sizeof TxData,"%.*s", MSG_SIZE, "DVHung dep zai.");
      |                    ^~~~~~
In file included from ../Core/Src/main.c:24:
D:\IEEE\STM32CubeIDE_1.13.2\STM32CubeIDE\plugins\com.st.stm32cube.ide.mcu.externaltools.gnu-tools-for-stm32.12.3.rel1.win32_1.0.200.202406191623\tools\bin/../lib/gcc/arm-none-eabi/12.3.1/../../../../arm-none-eabi/include/stdio.h:272:19: note: expected 'char * restrict' but argument is of type 'volatile uint8_t *' {aka 'volatile unsigned char *'}
  272 | int     snprintf (char *__restrict, size_t, const char *__restrict, ...)
      |                   ^
../Core/Src/main.c:148:21: warning: passing argument 1 of 'sendData' discards 'volatile' qualifier from pointer target type [-Wdiscarded-qualifiers]
  148 |           sendData (TxData);
      |                     ^~~~~~
../Core/Src/main.c:69:25: note: expected 'uint8_t *' {aka 'unsigned char *'} but argument is of type 'volatile uint8_t *' {aka 'volatile unsigned char *'}
   69 | void sendData (uint8_t *data);
      |                ~~~~~~~~~^~~~
../Core/Src/main.c: In function 'HAL_UARTEx_RxEventCallback':
../Core/Src/main.c:399:46: warning: passing argument 2 of 'HAL_UARTEx_ReceiveToIdle_IT' discards 'volatile' qualifier from pointer target type [-Wdiscarded-qualifiers]
  399 |         HAL_UARTEx_ReceiveToIdle_IT(&huart2, RxData, MSG_SIZE);
      |                                              ^~~~~~
../Drivers/STM32F4xx_HAL_Driver/Inc/stm32f4xx_hal_uart.h:757:83: note: expected 'uint8_t *' {aka 'unsigned char *'} but argument is of type 'volatile uint8_t *' {aka 'volatile unsigned char *'}
  757 | HAL_StatusTypeDef HAL_UARTEx_ReceiveToIdle_IT(UART_HandleTypeDef *huart, uint8_t *pData, uint16_t Size);
      |                                                                          ~~~~~~~~~^~~~~
../Core/Src/main.c: In function 'sendData':
../Core/Src/main.c:411:50: warning: pointer targets in passing argument 1 of 'strlen' differ in signedness [-Wpointer-sign]
  411 |         HAL_UART_Transmit(&huart2, data, strlen (data) , 1000);
      |                                                  ^~~~
      |                                                  |
      |                                                  uint8_t * {aka unsigned char *}
In file included from ../Core/Src/main.c:25:
D:\IEEE\STM32CubeIDE_1.13.2\STM32CubeIDE\plugins\com.st.stm32cube.ide.mcu.externaltools.gnu-tools-for-stm32.12.3.rel1.win32_1.0.200.202406191623\tools\bin/../lib/gcc/arm-none-eabi/12.3.1/../../../../arm-none-eabi/include/string.h:41:18: note: expected 'const char *' but argument is of type 'uint8_t *' {aka 'unsigned char *'}
   41 | size_t   strlen (const char *);
      |                  ^~~~~~~~~~~~
arm-none-eabi-gcc -o "RS485_SEND_STM32F407.elf" @"objects.list"   -mcpu=cortex-m4 -T"D:\TAI_LIEU\ET-E9\Program\20232\ET4361_He_thong_nhung_va_giao_tiep_nhung\prj\src\test_2\RS485_SEND_STM32F407\STM32F407VGTX_FLASH.ld" --specs=nosys.specs -Wl,-Map="RS485_SEND_STM32F407.map" -Wl,--gc-sections -static --specs=nano.specs -mfpu=fpv4-sp-d16 -mfloat-abi=hard -mthumb -Wl,--start-group -lc -lm -Wl,--end-group
D:/IEEE/STM32CubeIDE_1.13.2/STM32CubeIDE/plugins/com.st.stm32cube.ide.mcu.externaltools.gnu-tools-for-stm32.12.3.rel1.win32_1.0.200.202406191623/tools/bin/../lib/gcc/arm-none-eabi/12.3.1/../../../../arm-none-eabi/bin/ld.exe: warning: RS485_SEND_STM32F407.elf has a LOAD segment with RWX permissions
Finished building target: RS485_SEND_STM32F407.elf
 
arm-none-eabi-size  RS485_SEND_STM32F407.elf 
arm-none-eabi-objdump -h -S RS485_SEND_STM32F407.elf  > "RS485_SEND_STM32F407.list"
   text	   data	    bss	    dec	    hex	filename
  14504	    100	   2012	  16616	   40e8	RS485_SEND_STM32F407.elf
Finished building: default.size.stdout
 
Finished building: RS485_SEND_STM32F407.list
 
14:15:34 **** Incremental Build of configuration Debug for project RS485_SEND_STM32F407 ****
make -j8 all 
arm-none-eabi-size  RS485_SEND_STM32F407.elf 
   text	   data	    bss	    dec	    hex	filename
  14504	    100	   2012	  16616	   40e8	RS485_SEND_STM32F407.elf
Finished building: default.size.stdout
 
14:35:55 **** Incremental Build of configuration Debug for project RS485_SEND_STM32F407 ****
make -j8 all 
arm-none-eabi-size  RS485_SEND_STM32F407.elf 
   text	   data	    bss	    dec	    hex	filename
  14504	    100	   2012	  16616	   40e8	RS485_SEND_STM32F407.elf
Finished building: default.size.stdout
 
15:13:19 **** Incremental Build of configuration Debug for project RS485_SEND_STM32F407 ****
make -j8 all 
arm-none-eabi-gcc "../Core/Src/main.c" -mcpu=cortex-m4 -std=gnu11 -g3 -DDEBUG -DUSE_HAL_DRIVER -DSTM32F407xx -c -I../Core/Inc -I../Drivers/STM32F4xx_HAL_Driver/Inc -I../Drivers/STM32F4xx_HAL_Driver/Inc/Legacy -I../Drivers/CMSIS/Device/ST/STM32F4xx/Include -I../Drivers/CMSIS/Include -O0 -ffunction-sections -fdata-sections -Wall -fstack-usage -fcyclomatic-complexity -MMD -MP -MF"Core/Src/main.d" -MT"Core/Src/main.o" --specs=nano.specs -mfpu=fpv4-sp-d16 -mfloat-abi=hard -mthumb -o "Core/Src/main.o"
../Core/Src/main.c: In function 'main':
../Core/Src/main.c:108:40: warning: passing argument 2 of 'HAL_UARTEx_ReceiveToIdle_IT' discards 'volatile' qualifier from pointer target type [-Wdiscarded-qualifiers]
  108 |   HAL_UARTEx_ReceiveToIdle_IT(&huart2, RxData, MSG_SIZE);
      |                                        ^~~~~~
In file included from ../Core/Inc/stm32f4xx_hal_conf.h:411,
                 from ../Drivers/STM32F4xx_HAL_Driver/Inc/stm32f4xx_hal.h:29,
                 from ../Core/Inc/main.h:30,
                 from ../Core/Src/main.c:20:
../Drivers/STM32F4xx_HAL_Driver/Inc/stm32f4xx_hal_uart.h:757:83: note: expected 'uint8_t *' {aka 'unsigned char *'} but argument is of type 'volatile uint8_t *' {aka 'volatile unsigned char *'}
  757 | HAL_StatusTypeDef HAL_UARTEx_ReceiveToIdle_IT(UART_HandleTypeDef *huart, uint8_t *pData, uint16_t Size);
      |                                                                          ~~~~~~~~~^~~~~
../Core/Src/main.c:146:20: warning: passing argument 1 of 'snprintf' discards 'volatile' qualifier from pointer target type [-Wdiscarded-qualifiers]
  146 |           snprintf(TxData, sizeof TxData,"%.*s", MSG_SIZE, "DVHung dep zai.");
      |                    ^~~~~~
In file included from ../Core/Src/main.c:24:
D:\IEEE\STM32CubeIDE_1.13.2\STM32CubeIDE\plugins\com.st.stm32cube.ide.mcu.externaltools.gnu-tools-for-stm32.12.3.rel1.win32_1.0.200.202406191623\tools\bin/../lib/gcc/arm-none-eabi/12.3.1/../../../../arm-none-eabi/include/stdio.h:272:19: note: expected 'char * restrict' but argument is of type 'volatile uint8_t *' {aka 'volatile unsigned char *'}
  272 | int     snprintf (char *__restrict, size_t, const char *__restrict, ...)
      |                   ^
../Core/Src/main.c:148:21: warning: passing argument 1 of 'sendData' discards 'volatile' qualifier from pointer target type [-Wdiscarded-qualifiers]
  148 |           sendData (TxData);
      |                     ^~~~~~
../Core/Src/main.c:69:25: note: expected 'uint8_t *' {aka 'unsigned char *'} but argument is of type 'volatile uint8_t *' {aka 'volatile unsigned char *'}
   69 | void sendData (uint8_t *data);
      |                ~~~~~~~~~^~~~
../Core/Src/main.c: In function 'HAL_UARTEx_RxEventCallback':
../Core/Src/main.c:432:46: warning: passing argument 2 of 'HAL_UARTEx_ReceiveToIdle_IT' discards 'volatile' qualifier from pointer target type [-Wdiscarded-qualifiers]
  432 |         HAL_UARTEx_ReceiveToIdle_IT(&huart2, RxData, MSG_SIZE);
      |                                              ^~~~~~
../Drivers/STM32F4xx_HAL_Driver/Inc/stm32f4xx_hal_uart.h:757:83: note: expected 'uint8_t *' {aka 'unsigned char *'} but argument is of type 'volatile uint8_t *' {aka 'volatile unsigned char *'}
  757 | HAL_StatusTypeDef HAL_UARTEx_ReceiveToIdle_IT(UART_HandleTypeDef *huart, uint8_t *pData, uint16_t Size);
      |                                                                          ~~~~~~~~~^~~~~
../Core/Src/main.c: In function 'sendData':
../Core/Src/main.c:444:50: warning: pointer targets in passing argument 1 of 'strlen' differ in signedness [-Wpointer-sign]
  444 |         HAL_UART_Transmit(&huart2, data, strlen (data) , 1000);
      |                                                  ^~~~
      |                                                  |
      |                                                  uint8_t * {aka unsigned char *}
In file included from ../Core/Src/main.c:25:
D:\IEEE\STM32CubeIDE_1.13.2\STM32CubeIDE\plugins\com.st.stm32cube.ide.mcu.externaltools.gnu-tools-for-stm32.12.3.rel1.win32_1.0.200.202406191623\tools\bin/../lib/gcc/arm-none-eabi/12.3.1/../../../../arm-none-eabi/include/string.h:41:18: note: expected 'const char *' but argument is of type 'uint8_t *' {aka 'unsigned char *'}
   41 | size_t   strlen (const char *);
      |                  ^~~~~~~~~~~~
arm-none-eabi-gcc -o "RS485_SEND_STM32F407.elf" @"objects.list"   -mcpu=cortex-m4 -T"D:\TAI_LIEU\ET-E9\Program\20232\ET4361_He_thong_nhung_va_giao_tiep_nhung\prj\src\test_2\RS485_SEND_STM32F407\STM32F407VGTX_FLASH.ld" --specs=nosys.specs -Wl,-Map="RS485_SEND_STM32F407.map" -Wl,--gc-sections -static --specs=nano.specs -mfpu=fpv4-sp-d16 -mfloat-abi=hard -mthumb -Wl,--start-group -lc -lm -Wl,--end-group
D:/IEEE/STM32CubeIDE_1.13.2/STM32CubeIDE/plugins/com.st.stm32cube.ide.mcu.externaltools.gnu-tools-for-stm32.12.3.rel1.win32_1.0.200.202406191623/tools/bin/../lib/gcc/arm-none-eabi/12.3.1/../../../../arm-none-eabi/bin/ld.exe: warning: RS485_SEND_STM32F407.elf has a LOAD segment with RWX permissions
Finished building target: RS485_SEND_STM32F407.elf
 
arm-none-eabi-size  RS485_SEND_STM32F407.elf 
arm-none-eabi-objdump -h -S RS485_SEND_STM32F407.elf  > "RS485_SEND_STM32F407.list"
   text	   data	    bss	    dec	    hex	filename
  14504	    100	   2012	  16616	   40e8	RS485_SEND_STM32F407.elf
Finished building: default.size.stdout
 
Finished building: RS485_SEND_STM32F407.list
 
15:14:00 **** Incremental Build of configuration Debug for project RS485_SEND_STM32F407 ****
make -j8 all 
arm-none-eabi-gcc "../Core/Src/main.c" -mcpu=cortex-m4 -std=gnu11 -g3 -DDEBUG -DUSE_HAL_DRIVER -DSTM32F407xx -c -I../Core/Inc -I../Drivers/STM32F4xx_HAL_Driver/Inc -I../Drivers/STM32F4xx_HAL_Driver/Inc/Legacy -I../Drivers/CMSIS/Device/ST/STM32F4xx/Include -I../Drivers/CMSIS/Include -O0 -ffunction-sections -fdata-sections -Wall -fstack-usage -fcyclomatic-complexity -MMD -MP -MF"Core/Src/main.d" -MT"Core/Src/main.o" --specs=nano.specs -mfpu=fpv4-sp-d16 -mfloat-abi=hard -mthumb -o "Core/Src/main.o"
../Core/Src/main.c: In function 'main':
../Core/Src/main.c:108:40: warning: passing argument 2 of 'HAL_UARTEx_ReceiveToIdle_IT' discards 'volatile' qualifier from pointer target type [-Wdiscarded-qualifiers]
  108 |   HAL_UARTEx_ReceiveToIdle_IT(&huart2, RxData, MSG_SIZE);
      |                                        ^~~~~~
In file included from ../Core/Inc/stm32f4xx_hal_conf.h:411,
                 from ../Drivers/STM32F4xx_HAL_Driver/Inc/stm32f4xx_hal.h:29,
                 from ../Core/Inc/main.h:30,
                 from ../Core/Src/main.c:20:
../Drivers/STM32F4xx_HAL_Driver/Inc/stm32f4xx_hal_uart.h:757:83: note: expected 'uint8_t *' {aka 'unsigned char *'} but argument is of type 'volatile uint8_t *' {aka 'volatile unsigned char *'}
  757 | HAL_StatusTypeDef HAL_UARTEx_ReceiveToIdle_IT(UART_HandleTypeDef *huart, uint8_t *pData, uint16_t Size);
      |                                                                          ~~~~~~~~~^~~~~
../Core/Src/main.c:153:18: warning: passing argument 1 of 'snprintf' discards 'volatile' qualifier from pointer target type [-Wdiscarded-qualifiers]
  153 |         snprintf(TxData, sizeof TxData,"%.*s", MSG_SIZE, "8GZ3F7X9Q1A5J2B");
      |                  ^~~~~~
In file included from ../Core/Src/main.c:24:
D:\IEEE\STM32CubeIDE_1.13.2\STM32CubeIDE\plugins\com.st.stm32cube.ide.mcu.externaltools.gnu-tools-for-stm32.12.3.rel1.win32_1.0.200.202406191623\tools\bin/../lib/gcc/arm-none-eabi/12.3.1/../../../../arm-none-eabi/include/stdio.h:272:19: note: expected 'char * restrict' but argument is of type 'volatile uint8_t *' {aka 'volatile unsigned char *'}
  272 | int     snprintf (char *__restrict, size_t, const char *__restrict, ...)
      |                   ^
../Core/Src/main.c:154:19: warning: passing argument 1 of 'sendData' discards 'volatile' qualifier from pointer target type [-Wdiscarded-qualifiers]
  154 |         sendData (TxData);
      |                   ^~~~~~
../Core/Src/main.c:69:25: note: expected 'uint8_t *' {aka 'unsigned char *'} but argument is of type 'volatile uint8_t *' {aka 'volatile unsigned char *'}
   69 | void sendData (uint8_t *data);
      |                ~~~~~~~~~^~~~
../Core/Src/main.c:156:18: warning: passing argument 1 of 'snprintf' discards 'volatile' qualifier from pointer target type [-Wdiscarded-qualifiers]
  156 |         snprintf(TxData, sizeof TxData,"%.*s", MSG_SIZE, "D4H8K2N6T7P9W1R");
      |                  ^~~~~~
D:\IEEE\STM32CubeIDE_1.13.2\STM32CubeIDE\plugins\com.st.stm32cube.ide.mcu.externaltools.gnu-tools-for-stm32.12.3.rel1.win32_1.0.200.202406191623\tools\bin/../lib/gcc/arm-none-eabi/12.3.1/../../../../arm-none-eabi/include/stdio.h:272:19: note: expected 'char * restrict' but argument is of type 'volatile uint8_t *' {aka 'volatile unsigned char *'}
  272 | int     snprintf (char *__restrict, size_t, const char *__restrict, ...)
      |                   ^
../Core/Src/main.c:157:19: warning: passing argument 1 of 'sendData' discards 'volatile' qualifier from pointer target type [-Wdiscarded-qualifiers]
  157 |         sendData (TxData);
      |                   ^~~~~~
../Core/Src/main.c:69:25: note: expected 'uint8_t *' {aka 'unsigned char *'} but argument is of type 'volatile uint8_t *' {aka 'volatile unsigned char *'}
   69 | void sendData (uint8_t *data);
      |                ~~~~~~~~~^~~~
../Core/Src/main.c:159:18: warning: passing argument 1 of 'snprintf' discards 'volatile' qualifier from pointer target type [-Wdiscarded-qualifiers]
  159 |         snprintf(TxData, sizeof TxData,"%.*s", MSG_SIZE, "X3C2L7V8N5A4J6Q");
      |                  ^~~~~~
D:\IEEE\STM32CubeIDE_1.13.2\STM32CubeIDE\plugins\com.st.stm32cube.ide.mcu.externaltools.gnu-tools-for-stm32.12.3.rel1.win32_1.0.200.202406191623\tools\bin/../lib/gcc/arm-none-eabi/12.3.1/../../../../arm-none-eabi/include/stdio.h:272:19: note: expected 'char * restrict' but argument is of type 'volatile uint8_t *' {aka 'volatile unsigned char *'}
  272 | int     snprintf (char *__restrict, size_t, const char *__restrict, ...)
      |                   ^
../Core/Src/main.c:160:19: warning: passing argument 1 of 'sendData' discards 'volatile' qualifier from pointer target type [-Wdiscarded-qualifiers]
  160 |         sendData (TxData);
      |                   ^~~~~~
../Core/Src/main.c:69:25: note: expected 'uint8_t *' {aka 'unsigned char *'} but argument is of type 'volatile uint8_t *' {aka 'volatile unsigned char *'}
   69 | void sendData (uint8_t *data);
      |                ~~~~~~~~~^~~~
../Core/Src/main.c:162:18: warning: passing argument 1 of 'snprintf' discards 'volatile' qualifier from pointer target type [-Wdiscarded-qualifiers]
  162 |         snprintf(TxData, sizeof TxData,"%.*s", MSG_SIZE, "P9Y5B2T8W4R7K1L");
      |                  ^~~~~~
D:\IEEE\STM32CubeIDE_1.13.2\STM32CubeIDE\plugins\com.st.stm32cube.ide.mcu.externaltools.gnu-tools-for-stm32.12.3.rel1.win32_1.0.200.202406191623\tools\bin/../lib/gcc/arm-none-eabi/12.3.1/../../../../arm-none-eabi/include/stdio.h:272:19: note: expected 'char * restrict' but argument is of type 'volatile uint8_t *' {aka 'volatile unsigned char *'}
  272 | int     snprintf (char *__restrict, size_t, const char *__restrict, ...)
      |                   ^
../Core/Src/main.c:163:19: warning: passing argument 1 of 'sendData' discards 'volatile' qualifier from pointer target type [-Wdiscarded-qualifiers]
  163 |         sendData (TxData);
      |                   ^~~~~~
../Core/Src/main.c:69:25: note: expected 'uint8_t *' {aka 'unsigned char *'} but argument is of type 'volatile uint8_t *' {aka 'volatile unsigned char *'}
   69 | void sendData (uint8_t *data);
      |                ~~~~~~~~~^~~~
../Core/Src/main.c:165:18: warning: passing argument 1 of 'snprintf' discards 'volatile' qualifier from pointer target type [-Wdiscarded-qualifiers]
  165 |         snprintf(TxData, sizeof TxData,"%.*s", MSG_SIZE, "M1J4X7C8V2N5A3Q");
      |                  ^~~~~~
D:\IEEE\STM32CubeIDE_1.13.2\STM32CubeIDE\plugins\com.st.stm32cube.ide.mcu.externaltools.gnu-tools-for-stm32.12.3.rel1.win32_1.0.200.202406191623\tools\bin/../lib/gcc/arm-none-eabi/12.3.1/../../../../arm-none-eabi/include/stdio.h:272:19: note: expected 'char * restrict' but argument is of type 'volatile uint8_t *' {aka 'volatile unsigned char *'}
  272 | int     snprintf (char *__restrict, size_t, const char *__restrict, ...)
      |                   ^
../Core/Src/main.c:166:19: warning: passing argument 1 of 'sendData' discards 'volatile' qualifier from pointer target type [-Wdiscarded-qualifiers]
  166 |         sendData (TxData);
      |                   ^~~~~~
../Core/Src/main.c:69:25: note: expected 'uint8_t *' {aka 'unsigned char *'} but argument is of type 'volatile uint8_t *' {aka 'volatile unsigned char *'}
   69 | void sendData (uint8_t *data);
      |                ~~~~~~~~~^~~~
../Core/Src/main.c:168:18: warning: passing argument 1 of 'snprintf' discards 'volatile' qualifier from pointer target type [-Wdiscarded-qualifiers]
  168 |         snprintf(TxData, sizeof TxData,"%.*s", MSG_SIZE, "R6D8L2K4T5N9J3P");
      |                  ^~~~~~
D:\IEEE\STM32CubeIDE_1.13.2\STM32CubeIDE\plugins\com.st.stm32cube.ide.mcu.externaltools.gnu-tools-for-stm32.12.3.rel1.win32_1.0.200.202406191623\tools\bin/../lib/gcc/arm-none-eabi/12.3.1/../../../../arm-none-eabi/include/stdio.h:272:19: note: expected 'char * restrict' but argument is of type 'volatile uint8_t *' {aka 'volatile unsigned char *'}
  272 | int     snprintf (char *__restrict, size_t, const char *__restrict, ...)
      |                   ^
../Core/Src/main.c:169:19: warning: passing argument 1 of 'sendData' discards 'volatile' qualifier from pointer target type [-Wdiscarded-qualifiers]
  169 |         sendData (TxData);
      |                   ^~~~~~
../Core/Src/main.c:69:25: note: expected 'uint8_t *' {aka 'unsigned char *'} but argument is of type 'volatile uint8_t *' {aka 'volatile unsigned char *'}
   69 | void sendData (uint8_t *data);
      |                ~~~~~~~~~^~~~
../Core/Src/main.c:171:18: warning: passing argument 1 of 'snprintf' discards 'volatile' qualifier from pointer target type [-Wdiscarded-qualifiers]
  171 |         snprintf(TxData, sizeof TxData,"%.*s", MSG_SIZE, "7X2F3G6H5P9Q1T4");
      |                  ^~~~~~
D:\IEEE\STM32CubeIDE_1.13.2\STM32CubeIDE\plugins\com.st.stm32cube.ide.mcu.externaltools.gnu-tools-for-stm32.12.3.rel1.win32_1.0.200.202406191623\tools\bin/../lib/gcc/arm-none-eabi/12.3.1/../../../../arm-none-eabi/include/stdio.h:272:19: note: expected 'char * restrict' but argument is of type 'volatile uint8_t *' {aka 'volatile unsigned char *'}
  272 | int     snprintf (char *__restrict, size_t, const char *__restrict, ...)
      |                   ^
../Core/Src/main.c:172:19: warning: passing argument 1 of 'sendData' discards 'volatile' qualifier from pointer target type [-Wdiscarded-qualifiers]
  172 |         sendData (TxData);
      |                   ^~~~~~
../Core/Src/main.c:69:25: note: expected 'uint8_t *' {aka 'unsigned char *'} but argument is of type 'volatile uint8_t *' {aka 'volatile unsigned char *'}
   69 | void sendData (uint8_t *data);
      |                ~~~~~~~~~^~~~
../Core/Src/main.c:174:18: warning: passing argument 1 of 'snprintf' discards 'volatile' qualifier from pointer target type [-Wdiscarded-qualifiers]
  174 |         snprintf(TxData, sizeof TxData,"%.*s", MSG_SIZE, "L3P7N9J2K4W6T8D");
      |                  ^~~~~~
D:\IEEE\STM32CubeIDE_1.13.2\STM32CubeIDE\plugins\com.st.stm32cube.ide.mcu.externaltools.gnu-tools-for-stm32.12.3.rel1.win32_1.0.200.202406191623\tools\bin/../lib/gcc/arm-none-eabi/12.3.1/../../../../arm-none-eabi/include/stdio.h:272:19: note: expected 'char * restrict' but argument is of type 'volatile uint8_t *' {aka 'volatile unsigned char *'}
  272 | int     snprintf (char *__restrict, size_t, const char *__restrict, ...)
      |                   ^
../Core/Src/main.c:175:19: warning: passing argument 1 of 'sendData' discards 'volatile' qualifier from pointer target type [-Wdiscarded-qualifiers]
  175 |         sendData (TxData);
      |                   ^~~~~~
../Core/Src/main.c:69:25: note: expected 'uint8_t *' {aka 'unsigned char *'} but argument is of type 'volatile uint8_t *' {aka 'volatile unsigned char *'}
   69 | void sendData (uint8_t *data);
      |                ~~~~~~~~~^~~~
../Core/Src/main.c:177:18: warning: passing argument 1 of 'snprintf' discards 'volatile' qualifier from pointer target type [-Wdiscarded-qualifiers]
  177 |         snprintf(TxData, sizeof TxData,"%.*s", MSG_SIZE, "C5X8A2B4T7N6L3Q");
      |                  ^~~~~~
D:\IEEE\STM32CubeIDE_1.13.2\STM32CubeIDE\plugins\com.st.stm32cube.ide.mcu.externaltools.gnu-tools-for-stm32.12.3.rel1.win32_1.0.200.202406191623\tools\bin/../lib/gcc/arm-none-eabi/12.3.1/../../../../arm-none-eabi/include/stdio.h:272:19: note: expected 'char * restrict' but argument is of type 'volatile uint8_t *' {aka 'volatile unsigned char *'}
  272 | int     snprintf (char *__restrict, size_t, const char *__restrict, ...)
      |                   ^
../Core/Src/main.c:178:19: warning: passing argument 1 of 'sendData' discards 'volatile' qualifier from pointer target type [-Wdiscarded-qualifiers]
  178 |         sendData (TxData);
      |                   ^~~~~~
../Core/Src/main.c:69:25: note: expected 'uint8_t *' {aka 'unsigned char *'} but argument is of type 'volatile uint8_t *' {aka 'volatile unsigned char *'}
   69 | void sendData (uint8_t *data);
      |                ~~~~~~~~~^~~~
../Core/Src/main.c:180:18: warning: passing argument 1 of 'snprintf' discards 'volatile' qualifier from pointer target type [-Wdiscarded-qualifiers]
  180 |         snprintf(TxData, sizeof TxData,"%.*s", MSG_SIZE, "Q2N7J5T8K4W1R6P");
      |                  ^~~~~~
D:\IEEE\STM32CubeIDE_1.13.2\STM32CubeIDE\plugins\com.st.stm32cube.ide.mcu.externaltools.gnu-tools-for-stm32.12.3.rel1.win32_1.0.200.202406191623\tools\bin/../lib/gcc/arm-none-eabi/12.3.1/../../../../arm-none-eabi/include/stdio.h:272:19: note: expected 'char * restrict' but argument is of type 'volatile uint8_t *' {aka 'volatile unsigned char *'}
  272 | int     snprintf (char *__restrict, size_t, const char *__restrict, ...)
      |                   ^
../Core/Src/main.c:181:19: warning: passing argument 1 of 'sendData' discards 'volatile' qualifier from pointer target type [-Wdiscarded-qualifiers]
  181 |         sendData (TxData);
      |                   ^~~~~~
../Core/Src/main.c:69:25: note: expected 'uint8_t *' {aka 'unsigned char *'} but argument is of type 'volatile uint8_t *' {aka 'volatile unsigned char *'}
   69 | void sendData (uint8_t *data);
      |                ~~~~~~~~~^~~~
../Core/Src/main.c: In function 'HAL_UARTEx_RxEventCallback':
../Core/Src/main.c:432:46: warning: passing argument 2 of 'HAL_UARTEx_ReceiveToIdle_IT' discards 'volatile' qualifier from pointer target type [-Wdiscarded-qualifiers]
  432 |         HAL_UARTEx_ReceiveToIdle_IT(&huart2, RxData, MSG_SIZE);
      |                                              ^~~~~~
../Drivers/STM32F4xx_HAL_Driver/Inc/stm32f4xx_hal_uart.h:757:83: note: expected 'uint8_t *' {aka 'unsigned char *'} but argument is of type 'volatile uint8_t *' {aka 'volatile unsigned char *'}
  757 | HAL_StatusTypeDef HAL_UARTEx_ReceiveToIdle_IT(UART_HandleTypeDef *huart, uint8_t *pData, uint16_t Size);
      |                                                                          ~~~~~~~~~^~~~~
../Core/Src/main.c: In function 'sendData':
../Core/Src/main.c:444:50: warning: pointer targets in passing argument 1 of 'strlen' differ in signedness [-Wpointer-sign]
  444 |         HAL_UART_Transmit(&huart2, data, strlen (data) , 1000);
      |                                                  ^~~~
      |                                                  |
      |                                                  uint8_t * {aka unsigned char *}
In file included from ../Core/Src/main.c:25:
D:\IEEE\STM32CubeIDE_1.13.2\STM32CubeIDE\plugins\com.st.stm32cube.ide.mcu.externaltools.gnu-tools-for-stm32.12.3.rel1.win32_1.0.200.202406191623\tools\bin/../lib/gcc/arm-none-eabi/12.3.1/../../../../arm-none-eabi/include/string.h:41:18: note: expected 'const char *' but argument is of type 'uint8_t *' {aka 'unsigned char *'}
   41 | size_t   strlen (const char *);
      |                  ^~~~~~~~~~~~
arm-none-eabi-gcc -o "RS485_SEND_STM32F407.elf" @"objects.list"   -mcpu=cortex-m4 -T"D:\TAI_LIEU\ET-E9\Program\20232\ET4361_He_thong_nhung_va_giao_tiep_nhung\prj\src\test_2\RS485_SEND_STM32F407\STM32F407VGTX_FLASH.ld" --specs=nosys.specs -Wl,-Map="RS485_SEND_STM32F407.map" -Wl,--gc-sections -static --specs=nano.specs -mfpu=fpv4-sp-d16 -mfloat-abi=hard -mthumb -Wl,--start-group -lc -lm -Wl,--end-group
D:/IEEE/STM32CubeIDE_1.13.2/STM32CubeIDE/plugins/com.st.stm32cube.ide.mcu.externaltools.gnu-tools-for-stm32.12.3.rel1.win32_1.0.200.202406191623/tools/bin/../lib/gcc/arm-none-eabi/12.3.1/../../../../arm-none-eabi/bin/ld.exe: warning: RS485_SEND_STM32F407.elf has a LOAD segment with RWX permissions
Finished building target: RS485_SEND_STM32F407.elf
 
arm-none-eabi-size  RS485_SEND_STM32F407.elf 
arm-none-eabi-objdump -h -S RS485_SEND_STM32F407.elf  > "RS485_SEND_STM32F407.list"
   text	   data	    bss	    dec	    hex	filename
  14956	    100	   2012	  17068	   42ac	RS485_SEND_STM32F407.elf
Finished building: default.size.stdout
 
Finished building: RS485_SEND_STM32F407.list
 
