14:32:54 **** Incremental Build of configuration Debug for project RS485_SEND ****
make -j8 all 
arm-none-eabi-gcc "../Core/Src/main.c" -mcpu=cortex-m3 -std=gnu11 -g3 -DDEBUG -DUSE_HAL_DRIVER -DSTM32F103xB -c -I../Core/Inc -I../Drivers/STM32F1xx_HAL_Driver/Inc/Legacy -I../Drivers/STM32F1xx_HAL_Driver/Inc -I../Drivers/CMSIS/Device/ST/STM32F1xx/Include -I../Drivers/CMSIS/Include -O0 -ffunction-sections -fdata-sections -Wall -fstack-usage -fcyclomatic-complexity -MMD -MP -MF"Core/Src/main.d" -MT"Core/Src/main.o" --specs=nano.specs -mfloat-abi=soft -mthumb -o "Core/Src/main.o"
../Core/Src/main.c: In function 'sendData':
../Core/Src/main.c:285:50: warning: pointer targets in passing argument 1 of 'strlen' differ in signedness [-Wpointer-sign]
  285 |         HAL_UART_Transmit(&huart1, data, strlen (data) , 1000);
      |                                                  ^~~~
      |                                                  |
      |                                                  uint8_t * {aka unsigned char *}
In file included from ../Core/Src/main.c:25:
D:\IEEE\STM32CubeIDE_1.13.2\STM32CubeIDE\plugins\com.st.stm32cube.ide.mcu.externaltools.gnu-tools-for-stm32.11.3.rel1.win32_1.1.1.202309131626\tools\bin/../lib/gcc/arm-none-eabi/11.3.1/../../../../arm-none-eabi/include/string.h:41:18: note: expected 'const char *' but argument is of type 'uint8_t *' {aka 'unsigned char *'}
   41 | size_t   strlen (const char *);
      |                  ^~~~~~~~~~~~
arm-none-eabi-gcc -o "RS485_SEND.elf" @"objects.list"   -mcpu=cortex-m3 -T"D:\TAI_LIEU\ET-E9\Program\20232\ET4361_He_thong_nhung_va_giao_tiep_nhung\prj\src\test_2\RS485_SEND\STM32F103C8TX_FLASH.ld" --specs=nosys.specs -Wl,-Map="RS485_SEND.map" -Wl,--gc-sections -static --specs=nano.specs -mfloat-abi=soft -mthumb -Wl,--start-group -lc -lm -Wl,--end-group
Finished building target: RS485_SEND.elf
 
arm-none-eabi-size   RS485_SEND.elf 
arm-none-eabi-objdump -h -S  RS485_SEND.elf  > "RS485_SEND.list"
   text	   data	    bss	    dec	    hex	filename
   9224	     84	   1844	  11152	   2b90	RS485_SEND.elf
Finished building: default.size.stdout
 
Finished building: RS485_SEND.list
 
14:37:39 **** Incremental Build of configuration Debug for project RS485_SEND ****
make -j8 all 
arm-none-eabi-size   RS485_SEND.elf 
   text	   data	    bss	    dec	    hex	filename
   9224	     84	   1844	  11152	   2b90	RS485_SEND.elf
Finished building: default.size.stdout
 
14:48:29 **** Incremental Build of configuration Debug for project RS485_SEND ****
make -j8 all 
arm-none-eabi-size   RS485_SEND.elf 
   text	   data	    bss	    dec	    hex	filename
   9224	     84	   1844	  11152	   2b90	RS485_SEND.elf
Finished building: default.size.stdout
 
14:50:57 **** Incremental Build of configuration Debug for project RS485_SEND ****
make -j8 all 
arm-none-eabi-size   RS485_SEND.elf 
   text	   data	    bss	    dec	    hex	filename
   9224	     84	   1844	  11152	   2b90	RS485_SEND.elf
Finished building: default.size.stdout
 
14:57:57 **** Incremental Build of configuration Debug for project RS485_SEND ****
make -j8 all 
arm-none-eabi-size   RS485_SEND.elf 
   text	   data	    bss	    dec	    hex	filename
   9224	     84	   1844	  11152	   2b90	RS485_SEND.elf
Finished building: default.size.stdout
 
14:58:14 **** Incremental Build of configuration Debug for project RS485_SEND ****
make -j8 all 
arm-none-eabi-size   RS485_SEND.elf 
   text	   data	    bss	    dec	    hex	filename
   9224	     84	   1844	  11152	   2b90	RS485_SEND.elf
Finished building: default.size.stdout
 
15:00:45 **** Incremental Build of configuration Debug for project RS485_SEND ****
make -j8 all 
arm-none-eabi-size   RS485_SEND.elf 
   text	   data	    bss	    dec	    hex	filename
   9224	     84	   1844	  11152	   2b90	RS485_SEND.elf
Finished building: default.size.stdout
 
15:09:02 **** Incremental Build of configuration Debug for project RS485_SEND ****
make -j8 all 
arm-none-eabi-size   RS485_SEND.elf 
   text	   data	    bss	    dec	    hex	filename
   9224	     84	   1844	  11152	   2b90	RS485_SEND.elf
Finished building: default.size.stdout
 
15:29:18 **** Incremental Build of configuration Debug for project RS485_SEND ****
make -j8 all 
arm-none-eabi-size   RS485_SEND.elf 
   text	   data	    bss	    dec	    hex	filename
   9224	     84	   1844	  11152	   2b90	RS485_SEND.elf
Finished building: default.size.stdout
 
15:31:43 **** Incremental Build of configuration Debug for project RS485_SEND ****
make -j8 all 
arm-none-eabi-size   RS485_SEND.elf 
   text	   data	    bss	    dec	    hex	filename
   9224	     84	   1844	  11152	   2b90	RS485_SEND.elf
Finished building: default.size.stdout
 
