17:32:42 **** Incremental Build of configuration Debug for project RS485_RECEIVE ****
make -j8 all 
arm-none-eabi-gcc "../Core/Src/system_stm32f1xx.c" -mcpu=cortex-m3 -std=gnu11 -g3 -DDEBUG -DUSE_HAL_DRIVER -DSTM32F103xB -c -I../Core/Inc -I../Drivers/STM32F1xx_HAL_Driver/Inc/Legacy -I../Drivers/STM32F1xx_HAL_Driver/Inc -I../Drivers/CMSIS/Device/ST/STM32F1xx/Include -I../Drivers/CMSIS/Include -O0 -ffunction-sections -fdata-sections -Wall -fstack-usage -fcyclomatic-complexity -MMD -MP -MF"Core/Src/system_stm32f1xx.d" -MT"Core/Src/system_stm32f1xx.o" --specs=nano.specs -mfloat-abi=soft -mthumb -o "Core/Src/system_stm32f1xx.o"
arm-none-eabi-gcc -o "RS485_RECEIVE.elf" @"objects.list"   -mcpu=cortex-m3 -T"D:\TAI_LIEU\ET-E9\Program\20232\ET4361_He_thong_nhung_va_giao_tiep_nhung\prj\src\test_2\RS485_RECEIVE\STM32F103C8TX_FLASH.ld" --specs=nosys.specs -Wl,-Map="RS485_RECEIVE.map" -Wl,--gc-sections -static --specs=nano.specs -mfloat-abi=soft -mthumb -Wl,--start-group -lc -lm -Wl,--end-group
Finished building target: RS485_RECEIVE.elf
 
arm-none-eabi-size   RS485_RECEIVE.elf 
arm-none-eabi-objdump -h -S  RS485_RECEIVE.elf  > "RS485_RECEIVE.list"
   text	   data	    bss	    dec	    hex	filename
   8652	     20	   1732	  10404	   28a4	RS485_RECEIVE.elf
Finished building: default.size.stdout
 
Finished building: RS485_RECEIVE.list
 

17:32:44 Build Finished. 0 errors, 0 warnings. (took 2s.424ms)

